============================= test session starts =============================
collecting ... collected 3 items

tests/unit/test_data_fetcher.py::TestDataFetcher::test_save_raw_data FAILED [ 33%]
tests/unit/test_kpi_calculator.py::TestKPICalculatorSearch::test_run_search_queries FAILED [ 66%]
tests/unit/test_metrics_aggregator.py::TestMetricsAggregatorCorrelation::test_export_all_metrics FAILED [100%]

================================== FAILURES ===================================
_____________________ TestDataFetcher.test_save_raw_data ______________________
tests\unit\test_data_fetcher.py:80: in test_save_raw_data
    fetcher.save_raw_data(df, output_path)
src\ingestion\data_fetcher.py:140: in save_raw_data
    df.write.mode("overwrite").parquet(f"{output_path}/raw/movies.parquet")
.venv\Lib\site-packages\pyspark\sql\readwriter.py:1721: in parquet
    self._jwrite.parquet(path)
.venv\Lib\site-packages\py4j\java_gateway.py:1322: in __call__
    return_value = get_return_value(
.venv\Lib\site-packages\pyspark\errors\exceptions\captured.py:179: in deco
    return f(*a, **kw)
           ^^^^^^^^^^^
.venv\Lib\site-packages\py4j\protocol.py:326: in get_return_value
    raise Py4JJavaError(
E   py4j.protocol.Py4JJavaError: An error occurred while calling o47.parquet.
E   : java.lang.UnsatisfiedLinkError: 'boolean org.apache.hadoop.io.nativeio.NativeIO$Windows.access0(java.lang.String, int)'

E   	at org.apache.hadoop.io.nativeio.NativeIO$Windows.access0(Native Method)

E   	at org.apache.hadoop.io.nativeio.NativeIO$Windows.access(NativeIO.java:793)

E   	at org.apache.hadoop.fs.FileUtil.canRead(FileUtil.java:1249)

E   	at org.apache.hadoop.fs.FileUtil.list(FileUtil.java:1454)

E   	at org.apache.hadoop.fs.RawLocalFileSystem.listStatus(RawLocalFileSystem.java:601)

E   	at org.apache.hadoop.fs.FileSystem.listStatus(FileSystem.java:1972)

E   	at org.apache.hadoop.fs.FileSystem.listStatus(FileSystem.java:2014)

E   	at org.apache.hadoop.fs.ChecksumFileSystem.listStatus(ChecksumFileSystem.java:761)

E   	at org.apache.hadoop.fs.FileSystem.listStatus(FileSystem.java:1972)

E   	at org.apache.hadoop.fs.FileSystem.listStatus(FileSystem.java:2014)

E   	at org.apache.hadoop.mapreduce.lib.output.FileOutputCommitter.getAllCommittedTaskPaths(FileOutputCommitter.java:334)

E   	at org.apache.hadoop.mapreduce.lib.output.FileOutputCommitter.commitJobInternal(FileOutputCommitter.java:404)

E   	at org.apache.hadoop.mapreduce.lib.output.FileOutputCommitter.commitJob(FileOutputCommitter.java:377)

E   	at org.apache.parquet.hadoop.ParquetOutputCommitter.commitJob(ParquetOutputCommitter.java:48)

E   	at org.apache.spark.internal.io.HadoopMapReduceCommitProtocol.commitJob(HadoopMapReduceCommitProtocol.scala:192)

E   	at org.apache.spark.sql.execution.datasources.FileFormatWriter$.$anonfun$writeAndCommit$3(FileFormatWriter.scala:275)

E   	at scala.runtime.java8.JFunction0$mcV$sp.apply(JFunction0$mcV$sp.java:23)

E   	at org.apache.spark.util.Utils$.timeTakenMs(Utils.scala:552)

E   	at org.apache.spark.sql.execution.datasources.FileFormatWriter$.writeAndCommit(FileFormatWriter.scala:275)

E   	at org.apache.spark.sql.execution.datasources.FileFormatWriter$.executeWrite(FileFormatWriter.scala:304)

E   	at org.apache.spark.sql.execution.datasources.FileFormatWriter$.write(FileFormatWriter.scala:190)

E   	at org.apache.spark.sql.execution.datasources.InsertIntoHadoopFsRelationCommand.run(InsertIntoHadoopFsRelationCommand.scala:190)

E   	at org.apache.spark.sql.execution.command.DataWritingCommandExec.sideEffectResult$lzycompute(commands.scala:113)

E   	at org.apache.spark.sql.execution.command.DataWritingCommandExec.sideEffectResult(commands.scala:111)

E   	at org.apache.spark.sql.execution.command.DataWritingCommandExec.executeCollect(commands.scala:125)

E   	at org.apache.spark.sql.execution.QueryExecution$$anonfun$eagerlyExecuteCommands$1.$anonfun$applyOrElse$1(QueryExecution.scala:107)

E   	at org.apache.spark.sql.execution.SQLExecution$.$anonfun$withNewExecutionId$6(SQLExecution.scala:125)

E   	at org.apache.spark.sql.execution.SQLExecution$.withSQLConfPropagated(SQLExecution.scala:201)

E   	at org.apache.spark.sql.execution.SQLExecution$.$anonfun$withNewExecutionId$1(SQLExecution.scala:108)

E   	at org.apache.spark.sql.SparkSession.withActive(SparkSession.scala:900)

E   	at org.apache.spark.sql.execution.SQLExecution$.withNewExecutionId(SQLExecution.scala:66)

E   	at org.apache.spark.sql.execution.QueryExecution$$anonfun$eagerlyExecuteCommands$1.applyOrElse(QueryExecution.scala:107)

E   	at org.apache.spark.sql.execution.QueryExecution$$anonfun$eagerlyExecuteCommands$1.applyOrElse(QueryExecution.scala:98)

E   	at org.apache.spark.sql.catalyst.trees.TreeNode.$anonfun$transformDownWithPruning$1(TreeNode.scala:461)

E   	at org.apache.spark.sql.catalyst.trees.CurrentOrigin$.withOrigin(origin.scala:76)

E   	at org.apache.spark.sql.catalyst.trees.TreeNode.transformDownWithPruning(TreeNode.scala:461)

E   	at org.apache.spark.sql.catalyst.plans.logical.LogicalPlan.org$apache$spark$sql$catalyst$plans$logical$AnalysisHelper$$super$transformDownWithPruning(LogicalPlan.scala:32)

E   	at org.apache.spark.sql.catalyst.plans.logical.AnalysisHelper.transformDownWithPruning(AnalysisHelper.scala:267)

E   	at org.apache.spark.sql.catalyst.plans.logical.AnalysisHelper.transformDownWithPruning$(AnalysisHelper.scala:263)

E   	at org.apache.spark.sql.catalyst.plans.logical.LogicalPlan.transformDownWithPruning(LogicalPlan.scala:32)

E   	at org.apache.spark.sql.catalyst.plans.logical.LogicalPlan.transformDownWithPruning(LogicalPlan.scala:32)

E   	at org.apache.spark.sql.catalyst.trees.TreeNode.transformDown(TreeNode.scala:437)

E   	at org.apache.spark.sql.execution.QueryExecution.eagerlyExecuteCommands(QueryExecution.scala:98)

E   	at org.apache.spark.sql.execution.QueryExecution.commandExecuted$lzycompute(QueryExecution.scala:85)

E   	at org.apache.spark.sql.execution.QueryExecution.commandExecuted(QueryExecution.scala:83)

E   	at org.apache.spark.sql.execution.QueryExecution.assertCommandExecuted(QueryExecution.scala:142)

E   	at org.apache.spark.sql.DataFrameWriter.runCommand(DataFrameWriter.scala:859)

E   	at org.apache.spark.sql.DataFrameWriter.saveToV1Source(DataFrameWriter.scala:388)

E   	at org.apache.spark.sql.DataFrameWriter.saveInternal(DataFrameWriter.scala:361)

E   	at org.apache.spark.sql.DataFrameWriter.save(DataFrameWriter.scala:240)

E   	at org.apache.spark.sql.DataFrameWriter.parquet(DataFrameWriter.scala:792)

E   	at java.base/jdk.internal.reflect.NativeMethodAccessorImpl.invoke0(Native Method)

E   	at java.base/jdk.internal.reflect.NativeMethodAccessorImpl.invoke(NativeMethodAccessorImpl.java:77)

E   	at java.base/jdk.internal.reflect.DelegatingMethodAccessorImpl.invoke(DelegatingMethodAccessorImpl.java:43)

E   	at java.base/java.lang.reflect.Method.invoke(Method.java:568)

E   	at py4j.reflection.MethodInvoker.invoke(MethodInvoker.java:244)

E   	at py4j.reflection.ReflectionEngine.invoke(ReflectionEngine.java:374)

E   	at py4j.Gateway.invoke(Gateway.java:282)

E   	at py4j.commands.AbstractCommand.invokeMethod(AbstractCommand.java:132)

E   	at py4j.commands.CallCommand.execute(CallCommand.java:79)

E   	at py4j.ClientServerConnection.waitForCommands(ClientServerConnection.java:182)

E   	at py4j.ClientServerConnection.run(ClientServerConnection.java:106)

E   	at java.base/java.lang.Thread.run(Thread.java:842)
---------------------------- Captured stderr setup ----------------------------
Setting default log level to "WARN".
To adjust logging level use sc.setLogLevel(newLevel). For SparkR, use setLogLevel(newLevel).

26/02/16 14:11:59 WARN NativeCodeLoader: Unable to load native-hadoop library for your platform... using builtin-java classes where applicable

---------------------------- Captured stderr call -----------------------------

[Stage 0:>                                                          (0 + 2) / 2]

                                                                                
26/02/16 14:12:08 ERROR FileFormatWriter: Aborting job 16164adc-2fb0-4a93-b5d8-beb921b866eb.

java.lang.UnsatisfiedLinkError: 'boolean org.apache.hadoop.io.nativeio.NativeIO$Windows.access0(java.lang.String, int)'

	at org.apache.hadoop.io.nativeio.NativeIO$Windows.access0(Native Method)

	at org.apache.hadoop.io.nativeio.NativeIO$Windows.access(NativeIO.java:793)

	at org.apache.hadoop.fs.FileUtil.canRead(FileUtil.java:1249)

	at org.apache.hadoop.fs.FileUtil.list(FileUtil.java:1454)

	at org.apache.hadoop.fs.RawLocalFileSystem.listStatus(RawLocalFileSystem.java:601)

	at org.apache.hadoop.fs.FileSystem.listStatus(FileSystem.java:1972)

	at org.apache.hadoop.fs.FileSystem.listStatus(FileSystem.java:2014)

	at org.apache.hadoop.fs.ChecksumFileSystem.listStatus(ChecksumFileSystem.java:761)

	at org.apache.hadoop.fs.FileSystem.listStatus(FileSystem.java:1972)

	at org.apache.hadoop.fs.FileSystem.listStatus(FileSystem.java:2014)

	at org.apache.hadoop.mapreduce.lib.output.FileOutputCommitter.getAllCommittedTaskPaths(FileOutputCommitter.java:334)

	at org.apache.hadoop.mapreduce.lib.output.FileOutputCommitter.commitJobInternal(FileOutputCommitter.java:404)

	at org.apache.hadoop.mapreduce.lib.output.FileOutputCommitter.commitJob(FileOutputCommitter.java:377)

	at org.apache.parquet.hadoop.ParquetOutputCommitter.commitJob(ParquetOutputCommitter.java:48)

	at org.apache.spark.internal.io.HadoopMapReduceCommitProtocol.commitJob(HadoopMapReduceCommitProtocol.scala:192)

	at org.apache.spark.sql.execution.datasources.FileFormatWriter$.$anonfun$writeAndCommit$3(FileFormatWriter.scala:275)

	at scala.runtime.java8.JFunction0$mcV$sp.apply(JFunction0$mcV$sp.java:23)

	at org.apache.spark.util.Utils$.timeTakenMs(Utils.scala:552)

	at org.apache.spark.sql.execution.datasources.FileFormatWriter$.writeAndCommit(FileFormatWriter.scala:275)

	at org.apache.spark.sql.execution.datasources.FileFormatWriter$.executeWrite(FileFormatWriter.scala:304)

	at org.apache.spark.sql.execution.datasources.FileFormatWriter$.write(FileFormatWriter.scala:190)

	at org.apache.spark.sql.execution.datasources.InsertIntoHadoopFsRelationCommand.run(InsertIntoHadoopFsRelationCommand.scala:190)

	at org.apache.spark.sql.execution.command.DataWritingCommandExec.sideEffectResult$lzycompute(commands.scala:113)

	at org.apache.spark.sql.execution.command.DataWritingCommandExec.sideEffectResult(commands.scala:111)

	at org.apache.spark.sql.execution.command.DataWritingCommandExec.executeCollect(commands.scala:125)

	at org.apache.spark.sql.execution.QueryExecution$$anonfun$eagerlyExecuteCommands$1.$anonfun$applyOrElse$1(QueryExecution.scala:107)

	at org.apache.spark.sql.execution.SQLExecution$.$anonfun$withNewExecutionId$6(SQLExecution.scala:125)

	at org.apache.spark.sql.execution.SQLExecution$.withSQLConfPropagated(SQLExecution.scala:201)

	at org.apache.spark.sql.execution.SQLExecution$.$anonfun$withNewExecutionId$1(SQLExecution.scala:108)

	at org.apache.spark.sql.SparkSession.withActive(SparkSession.scala:900)

	at org.apache.spark.sql.execution.SQLExecution$.withNewExecutionId(SQLExecution.scala:66)

	at org.apache.spark.sql.execution.QueryExecution$$anonfun$eagerlyExecuteCommands$1.applyOrElse(QueryExecution.scala:107)

	at org.apache.spark.sql.execution.QueryExecution$$anonfun$eagerlyExecuteCommands$1.applyOrElse(QueryExecution.scala:98)

	at org.apache.spark.sql.catalyst.trees.TreeNode.$anonfun$transformDownWithPruning$1(TreeNode.scala:461)

	at org.apache.spark.sql.catalyst.trees.CurrentOrigin$.withOrigin(origin.scala:76)

	at org.apache.spark.sql.catalyst.trees.TreeNode.transformDownWithPruning(TreeNode.scala:461)

	at org.apache.spark.sql.catalyst.plans.logical.LogicalPlan.org$apache$spark$sql$catalyst$plans$logical$AnalysisHelper$$super$transformDownWithPruning(LogicalPlan.scala:32)

	at org.apache.spark.sql.catalyst.plans.logical.AnalysisHelper.transformDownWithPruning(AnalysisHelper.scala:267)

	at org.apache.spark.sql.catalyst.plans.logical.AnalysisHelper.transformDownWithPruning$(AnalysisHelper.scala:263)

	at org.apache.spark.sql.catalyst.plans.logical.LogicalPlan.transformDownWithPruning(LogicalPlan.scala:32)

	at org.apache.spark.sql.catalyst.plans.logical.LogicalPlan.transformDownWithPruning(LogicalPlan.scala:32)

	at org.apache.spark.sql.catalyst.trees.TreeNode.transformDown(TreeNode.scala:437)

	at org.apache.spark.sql.execution.QueryExecution.eagerlyExecuteCommands(QueryExecution.scala:98)

	at org.apache.spark.sql.execution.QueryExecution.commandExecuted$lzycompute(QueryExecution.scala:85)

	at org.apache.spark.sql.execution.QueryExecution.commandExecuted(QueryExecution.scala:83)

	at org.apache.spark.sql.execution.QueryExecution.assertCommandExecuted(QueryExecution.scala:142)

	at org.apache.spark.sql.DataFrameWriter.runCommand(DataFrameWriter.scala:859)

	at org.apache.spark.sql.DataFrameWriter.saveToV1Source(DataFrameWriter.scala:388)

	at org.apache.spark.sql.DataFrameWriter.saveInternal(DataFrameWriter.scala:361)

	at org.apache.spark.sql.DataFrameWriter.save(DataFrameWriter.scala:240)

	at org.apache.spark.sql.DataFrameWriter.parquet(DataFrameWriter.scala:792)

	at java.base/jdk.internal.reflect.NativeMethodAccessorImpl.invoke0(Native Method)

	at java.base/jdk.internal.reflect.NativeMethodAccessorImpl.invoke(NativeMethodAccessorImpl.java:77)

	at java.base/jdk.internal.reflect.DelegatingMethodAccessorImpl.invoke(DelegatingMethodAccessorImpl.java:43)

	at java.base/java.lang.reflect.Method.invoke(Method.java:568)

	at py4j.reflection.MethodInvoker.invoke(MethodInvoker.java:244)

	at py4j.reflection.ReflectionEngine.invoke(ReflectionEngine.java:374)

	at py4j.Gateway.invoke(Gateway.java:282)

	at py4j.commands.AbstractCommand.invokeMethod(AbstractCommand.java:132)

	at py4j.commands.CallCommand.execute(CallCommand.java:79)

	at py4j.ClientServerConnection.waitForCommands(ClientServerConnection.java:182)

	at py4j.ClientServerConnection.run(ClientServerConnection.java:106)

	at java.base/java.lang.Thread.run(Thread.java:842)

_______________ TestKPICalculatorSearch.test_run_search_queries _______________
tests\unit\test_kpi_calculator.py:115: in test_run_search_queries
    results = calc.run_search_queries(transformed_movie_data)
              ^^^^^^^^^^^^^^^^^^^^^^^^^^^^^^^^^^^^^^^^^^^^^^^
src\analytics\kpi_calculator.py:192: in run_search_queries
    results["bruce_willis_scifi_action"] = df.filter(
.venv\Lib\site-packages\pyspark\sql\dataframe.py:3325: in filter
    jdf = self._jdf.filter(condition._jc)
          ^^^^^^^^^^^^^^^^^^^^^^^^^^^^^^^
.venv\Lib\site-packages\py4j\java_gateway.py:1322: in __call__
    return_value = get_return_value(
.venv\Lib\site-packages\pyspark\errors\exceptions\captured.py:185: in deco
    raise converted from None
E   pyspark.errors.exceptions.captured.AnalysisException: [DATATYPE_MISMATCH.UNEXPECTED_INPUT_TYPE] Cannot resolve "array_contains(cast, Bruce Willis)" due to data type mismatch: Parameter 1 requires the "ARRAY" type, however "cast" has the type "STRING".;
E   'Filter ((Contains(genres#12, Science Fiction) AND Contains(genres#12, Action)) AND array_contains(cast#33, Bruce Willis))
E   +- LogicalRDD [id#6, title#7, tagline#8, release_date#9, release_year#10, decade#11, genres#12, belongs_to_collection#13, has_franchise#14, original_language#15, budget_musd#16, budget_category#17, revenue_musd#18, profit_musd#19, roi#20, revenue_per_minute#21, production_companies#22, production_countries#23, vote_count#24, vote_average#25, rating_category#26, popularity#27, runtime#28, overview#29, ... 7 more fields], false
__________ TestMetricsAggregatorCorrelation.test_export_all_metrics ___________
tests\unit\test_metrics_aggregator.py:135: in test_export_all_metrics
    assert "temporal" in paths
E   AssertionError: assert 'temporal' in {}
---------------------------- Captured stderr call -----------------------------

[Stage 1:>                                                          (0 + 2) / 2]

                                                                                
26/02/16 14:12:15 ERROR FileFormatWriter: Aborting job 65794274-c878-4e47-a3a6-9fbe2605708c.

java.lang.UnsatisfiedLinkError: 'boolean org.apache.hadoop.io.nativeio.NativeIO$Windows.access0(java.lang.String, int)'

	at org.apache.hadoop.io.nativeio.NativeIO$Windows.access0(Native Method)

	at org.apache.hadoop.io.nativeio.NativeIO$Windows.access(NativeIO.java:793)

	at org.apache.hadoop.fs.FileUtil.canRead(FileUtil.java:1249)

	at org.apache.hadoop.fs.FileUtil.list(FileUtil.java:1454)

	at org.apache.hadoop.fs.RawLocalFileSystem.listStatus(RawLocalFileSystem.java:601)

	at org.apache.hadoop.fs.FileSystem.listStatus(FileSystem.java:1972)

	at org.apache.hadoop.fs.FileSystem.listStatus(FileSystem.java:2014)

	at org.apache.hadoop.fs.ChecksumFileSystem.listStatus(ChecksumFileSystem.java:761)

	at org.apache.hadoop.fs.FileSystem.listStatus(FileSystem.java:1972)

	at org.apache.hadoop.fs.FileSystem.listStatus(FileSystem.java:2014)

	at org.apache.hadoop.mapreduce.lib.output.FileOutputCommitter.getAllCommittedTaskPaths(FileOutputCommitter.java:334)

	at org.apache.hadoop.mapreduce.lib.output.FileOutputCommitter.commitJobInternal(FileOutputCommitter.java:404)

	at org.apache.hadoop.mapreduce.lib.output.FileOutputCommitter.commitJob(FileOutputCommitter.java:377)

	at org.apache.parquet.hadoop.ParquetOutputCommitter.commitJob(ParquetOutputCommitter.java:48)

	at org.apache.spark.internal.io.HadoopMapReduceCommitProtocol.commitJob(HadoopMapReduceCommitProtocol.scala:192)

	at org.apache.spark.sql.execution.datasources.FileFormatWriter$.$anonfun$writeAndCommit$3(FileFormatWriter.scala:275)

	at scala.runtime.java8.JFunction0$mcV$sp.apply(JFunction0$mcV$sp.java:23)

	at org.apache.spark.util.Utils$.timeTakenMs(Utils.scala:552)

	at org.apache.spark.sql.execution.datasources.FileFormatWriter$.writeAndCommit(FileFormatWriter.scala:275)

	at org.apache.spark.sql.execution.datasources.FileFormatWriter$.executeWrite(FileFormatWriter.scala:304)

	at org.apache.spark.sql.execution.datasources.FileFormatWriter$.write(FileFormatWriter.scala:190)

	at org.apache.spark.sql.execution.datasources.InsertIntoHadoopFsRelationCommand.run(InsertIntoHadoopFsRelationCommand.scala:190)

	at org.apache.spark.sql.execution.command.DataWritingCommandExec.sideEffectResult$lzycompute(commands.scala:113)

	at org.apache.spark.sql.execution.command.DataWritingCommandExec.sideEffectResult(commands.scala:111)

	at org.apache.spark.sql.execution.command.DataWritingCommandExec.executeCollect(commands.scala:125)

	at org.apache.spark.sql.execution.adaptive.AdaptiveSparkPlanExec.$anonfun$executeCollect$1(AdaptiveSparkPlanExec.scala:374)

	at org.apache.spark.sql.execution.adaptive.AdaptiveSparkPlanExec.withFinalPlanUpdate(AdaptiveSparkPlanExec.scala:402)

	at org.apache.spark.sql.execution.adaptive.AdaptiveSparkPlanExec.executeCollect(AdaptiveSparkPlanExec.scala:374)

	at org.apache.spark.sql.execution.QueryExecution$$anonfun$eagerlyExecuteCommands$1.$anonfun$applyOrElse$1(QueryExecution.scala:107)

	at org.apache.spark.sql.execution.SQLExecution$.$anonfun$withNewExecutionId$6(SQLExecution.scala:125)

	at org.apache.spark.sql.execution.SQLExecution$.withSQLConfPropagated(SQLExecution.scala:201)

	at org.apache.spark.sql.execution.SQLExecution$.$anonfun$withNewExecutionId$1(SQLExecution.scala:108)

	at org.apache.spark.sql.SparkSession.withActive(SparkSession.scala:900)

	at org.apache.spark.sql.execution.SQLExecution$.withNewExecutionId(SQLExecution.scala:66)

	at org.apache.spark.sql.execution.QueryExecution$$anonfun$eagerlyExecuteCommands$1.applyOrElse(QueryExecution.scala:107)

	at org.apache.spark.sql.execution.QueryExecution$$anonfun$eagerlyExecuteCommands$1.applyOrElse(QueryExecution.scala:98)

	at org.apache.spark.sql.catalyst.trees.TreeNode.$anonfun$transformDownWithPruning$1(TreeNode.scala:461)

	at org.apache.spark.sql.catalyst.trees.CurrentOrigin$.withOrigin(origin.scala:76)

	at org.apache.spark.sql.catalyst.trees.TreeNode.transformDownWithPruning(TreeNode.scala:461)

	at org.apache.spark.sql.catalyst.plans.logical.LogicalPlan.org$apache$spark$sql$catalyst$plans$logical$AnalysisHelper$$super$transformDownWithPruning(LogicalPlan.scala:32)

	at org.apache.spark.sql.catalyst.plans.logical.AnalysisHelper.transformDownWithPruning(AnalysisHelper.scala:267)

	at org.apache.spark.sql.catalyst.plans.logical.AnalysisHelper.transformDownWithPruning$(AnalysisHelper.scala:263)

	at org.apache.spark.sql.catalyst.plans.logical.LogicalPlan.transformDownWithPruning(LogicalPlan.scala:32)

	at org.apache.spark.sql.catalyst.plans.logical.LogicalPlan.transformDownWithPruning(LogicalPlan.scala:32)

	at org.apache.spark.sql.catalyst.trees.TreeNode.transformDown(TreeNode.scala:437)

	at org.apache.spark.sql.execution.QueryExecution.eagerlyExecuteCommands(QueryExecution.scala:98)

	at org.apache.spark.sql.execution.QueryExecution.commandExecuted$lzycompute(QueryExecution.scala:85)

	at org.apache.spark.sql.execution.QueryExecution.commandExecuted(QueryExecution.scala:83)

	at org.apache.spark.sql.execution.QueryExecution.assertCommandExecuted(QueryExecution.scala:142)

	at org.apache.spark.sql.DataFrameWriter.runCommand(DataFrameWriter.scala:859)

	at org.apache.spark.sql.DataFrameWriter.saveToV1Source(DataFrameWriter.scala:388)

	at org.apache.spark.sql.DataFrameWriter.saveInternal(DataFrameWriter.scala:361)

	at org.apache.spark.sql.DataFrameWriter.save(DataFrameWriter.scala:240)

	at org.apache.spark.sql.DataFrameWriter.parquet(DataFrameWriter.scala:792)

	at java.base/jdk.internal.reflect.NativeMethodAccessorImpl.invoke0(Native Method)

	at java.base/jdk.internal.reflect.NativeMethodAccessorImpl.invoke(NativeMethodAccessorImpl.java:77)

	at java.base/jdk.internal.reflect.DelegatingMethodAccessorImpl.invoke(DelegatingMethodAccessorImpl.java:43)

	at java.base/java.lang.reflect.Method.invoke(Method.java:568)

	at py4j.reflection.MethodInvoker.invoke(MethodInvoker.java:244)

	at py4j.reflection.ReflectionEngine.invoke(ReflectionEngine.java:374)

	at py4j.Gateway.invoke(Gateway.java:282)

	at py4j.commands.AbstractCommand.invokeMethod(AbstractCommand.java:132)

	at py4j.commands.CallCommand.execute(CallCommand.java:79)

	at py4j.ClientServerConnection.waitForCommands(ClientServerConnection.java:182)

	at py4j.ClientServerConnection.run(ClientServerConnection.java:106)

	at java.base/java.lang.Thread.run(Thread.java:842)


[Stage 9:>                                                          (0 + 2) / 2]

[Stage 9:=============================>                             (1 + 1) / 2]

                                                                                
26/02/16 14:12:18 ERROR FileFormatWriter: Aborting job 8131808f-1079-4fd1-bfb0-8d46646aa067.

java.lang.UnsatisfiedLinkError: 'boolean org.apache.hadoop.io.nativeio.NativeIO$Windows.access0(java.lang.String, int)'

	at org.apache.hadoop.io.nativeio.NativeIO$Windows.access0(Native Method)

	at org.apache.hadoop.io.nativeio.NativeIO$Windows.access(NativeIO.java:793)

	at org.apache.hadoop.fs.FileUtil.canRead(FileUtil.java:1249)

	at org.apache.hadoop.fs.FileUtil.list(FileUtil.java:1454)

	at org.apache.hadoop.fs.RawLocalFileSystem.listStatus(RawLocalFileSystem.java:601)

	at org.apache.hadoop.fs.FileSystem.listStatus(FileSystem.java:1972)

	at org.apache.hadoop.fs.FileSystem.listStatus(FileSystem.java:2014)

	at org.apache.hadoop.fs.ChecksumFileSystem.listStatus(ChecksumFileSystem.java:761)

	at org.apache.hadoop.fs.FileSystem.listStatus(FileSystem.java:1972)

	at org.apache.hadoop.fs.FileSystem.listStatus(FileSystem.java:2014)

	at org.apache.hadoop.mapreduce.lib.output.FileOutputCommitter.getAllCommittedTaskPaths(FileOutputCommitter.java:334)

	at org.apache.hadoop.mapreduce.lib.output.FileOutputCommitter.commitJobInternal(FileOutputCommitter.java:404)

	at org.apache.hadoop.mapreduce.lib.output.FileOutputCommitter.commitJob(FileOutputCommitter.java:377)

	at org.apache.parquet.hadoop.ParquetOutputCommitter.commitJob(ParquetOutputCommitter.java:48)

	at org.apache.spark.internal.io.HadoopMapReduceCommitProtocol.commitJob(HadoopMapReduceCommitProtocol.scala:192)

	at org.apache.spark.sql.execution.datasources.FileFormatWriter$.$anonfun$writeAndCommit$3(FileFormatWriter.scala:275)

	at scala.runtime.java8.JFunction0$mcV$sp.apply(JFunction0$mcV$sp.java:23)

	at org.apache.spark.util.Utils$.timeTakenMs(Utils.scala:552)

	at org.apache.spark.sql.execution.datasources.FileFormatWriter$.writeAndCommit(FileFormatWriter.scala:275)

	at org.apache.spark.sql.execution.datasources.FileFormatWriter$.executeWrite(FileFormatWriter.scala:304)

	at org.apache.spark.sql.execution.datasources.FileFormatWriter$.write(FileFormatWriter.scala:190)

	at org.apache.spark.sql.execution.datasources.InsertIntoHadoopFsRelationCommand.run(InsertIntoHadoopFsRelationCommand.scala:190)

	at org.apache.spark.sql.execution.command.DataWritingCommandExec.sideEffectResult$lzycompute(commands.scala:113)

	at org.apache.spark.sql.execution.command.DataWritingCommandExec.sideEffectResult(commands.scala:111)

	at org.apache.spark.sql.execution.command.DataWritingCommandExec.executeCollect(commands.scala:125)

	at org.apache.spark.sql.execution.adaptive.AdaptiveSparkPlanExec.$anonfun$executeCollect$1(AdaptiveSparkPlanExec.scala:374)

	at org.apache.spark.sql.execution.adaptive.AdaptiveSparkPlanExec.withFinalPlanUpdate(AdaptiveSparkPlanExec.scala:402)

	at org.apache.spark.sql.execution.adaptive.AdaptiveSparkPlanExec.executeCollect(AdaptiveSparkPlanExec.scala:374)

	at org.apache.spark.sql.execution.QueryExecution$$anonfun$eagerlyExecuteCommands$1.$anonfun$applyOrElse$1(QueryExecution.scala:107)

	at org.apache.spark.sql.execution.SQLExecution$.$anonfun$withNewExecutionId$6(SQLExecution.scala:125)

	at org.apache.spark.sql.execution.SQLExecution$.withSQLConfPropagated(SQLExecution.scala:201)

	at org.apache.spark.sql.execution.SQLExecution$.$anonfun$withNewExecutionId$1(SQLExecution.scala:108)

	at org.apache.spark.sql.SparkSession.withActive(SparkSession.scala:900)

	at org.apache.spark.sql.execution.SQLExecution$.withNewExecutionId(SQLExecution.scala:66)

	at org.apache.spark.sql.execution.QueryExecution$$anonfun$eagerlyExecuteCommands$1.applyOrElse(QueryExecution.scala:107)

	at org.apache.spark.sql.execution.QueryExecution$$anonfun$eagerlyExecuteCommands$1.applyOrElse(QueryExecution.scala:98)

	at org.apache.spark.sql.catalyst.trees.TreeNode.$anonfun$transformDownWithPruning$1(TreeNode.scala:461)

	at org.apache.spark.sql.catalyst.trees.CurrentOrigin$.withOrigin(origin.scala:76)

	at org.apache.spark.sql.catalyst.trees.TreeNode.transformDownWithPruning(TreeNode.scala:461)

	at org.apache.spark.sql.catalyst.plans.logical.LogicalPlan.org$apache$spark$sql$catalyst$plans$logical$AnalysisHelper$$super$transformDownWithPruning(LogicalPlan.scala:32)

	at org.apache.spark.sql.catalyst.plans.logical.AnalysisHelper.transformDownWithPruning(AnalysisHelper.scala:267)

	at org.apache.spark.sql.catalyst.plans.logical.AnalysisHelper.transformDownWithPruning$(AnalysisHelper.scala:263)

	at org.apache.spark.sql.catalyst.plans.logical.LogicalPlan.transformDownWithPruning(LogicalPlan.scala:32)

	at org.apache.spark.sql.catalyst.plans.logical.LogicalPlan.transformDownWithPruning(LogicalPlan.scala:32)

	at org.apache.spark.sql.catalyst.trees.TreeNode.transformDown(TreeNode.scala:437)

	at org.apache.spark.sql.execution.QueryExecution.eagerlyExecuteCommands(QueryExecution.scala:98)

	at org.apache.spark.sql.execution.QueryExecution.commandExecuted$lzycompute(QueryExecution.scala:85)

	at org.apache.spark.sql.execution.QueryExecution.commandExecuted(QueryExecution.scala:83)

	at org.apache.spark.sql.execution.QueryExecution.assertCommandExecuted(QueryExecution.scala:142)

	at org.apache.spark.sql.DataFrameWriter.runCommand(DataFrameWriter.scala:859)

	at org.apache.spark.sql.DataFrameWriter.saveToV1Source(DataFrameWriter.scala:388)

	at org.apache.spark.sql.DataFrameWriter.saveInternal(DataFrameWriter.scala:361)

	at org.apache.spark.sql.DataFrameWriter.save(DataFrameWriter.scala:240)

	at org.apache.spark.sql.DataFrameWriter.parquet(DataFrameWriter.scala:792)

	at java.base/jdk.internal.reflect.NativeMethodAccessorImpl.invoke0(Native Method)

	at java.base/jdk.internal.reflect.NativeMethodAccessorImpl.invoke(NativeMethodAccessorImpl.java:77)

	at java.base/jdk.internal.reflect.DelegatingMethodAccessorImpl.invoke(DelegatingMethodAccessorImpl.java:43)

	at java.base/java.lang.reflect.Method.invoke(Method.java:568)

	at py4j.reflection.MethodInvoker.invoke(MethodInvoker.java:244)

	at py4j.reflection.ReflectionEngine.invoke(ReflectionEngine.java:374)

	at py4j.Gateway.invoke(Gateway.java:282)

	at py4j.commands.AbstractCommand.invokeMethod(AbstractCommand.java:132)

	at py4j.commands.CallCommand.execute(CallCommand.java:79)

	at py4j.ClientServerConnection.waitForCommands(ClientServerConnection.java:182)

	at py4j.ClientServerConnection.run(ClientServerConnection.java:106)

	at java.base/java.lang.Thread.run(Thread.java:842)


[Stage 17:>                                                         (0 + 2) / 2]

                                                                                
26/02/16 14:12:21 ERROR FileFormatWriter: Aborting job 27a665e7-98b7-4d05-843d-ee63f9c6e836.

java.lang.UnsatisfiedLinkError: 'boolean org.apache.hadoop.io.nativeio.NativeIO$Windows.access0(java.lang.String, int)'

	at org.apache.hadoop.io.nativeio.NativeIO$Windows.access0(Native Method)

	at org.apache.hadoop.io.nativeio.NativeIO$Windows.access(NativeIO.java:793)

	at org.apache.hadoop.fs.FileUtil.canRead(FileUtil.java:1249)

	at org.apache.hadoop.fs.FileUtil.list(FileUtil.java:1454)

	at org.apache.hadoop.fs.RawLocalFileSystem.listStatus(RawLocalFileSystem.java:601)

	at org.apache.hadoop.fs.FileSystem.listStatus(FileSystem.java:1972)

	at org.apache.hadoop.fs.FileSystem.listStatus(FileSystem.java:2014)

	at org.apache.hadoop.fs.ChecksumFileSystem.listStatus(ChecksumFileSystem.java:761)

	at org.apache.hadoop.fs.FileSystem.listStatus(FileSystem.java:1972)

	at org.apache.hadoop.fs.FileSystem.listStatus(FileSystem.java:2014)

	at org.apache.hadoop.mapreduce.lib.output.FileOutputCommitter.getAllCommittedTaskPaths(FileOutputCommitter.java:334)

	at org.apache.hadoop.mapreduce.lib.output.FileOutputCommitter.commitJobInternal(FileOutputCommitter.java:404)

	at org.apache.hadoop.mapreduce.lib.output.FileOutputCommitter.commitJob(FileOutputCommitter.java:377)

	at org.apache.parquet.hadoop.ParquetOutputCommitter.commitJob(ParquetOutputCommitter.java:48)

	at org.apache.spark.internal.io.HadoopMapReduceCommitProtocol.commitJob(HadoopMapReduceCommitProtocol.scala:192)

	at org.apache.spark.sql.execution.datasources.FileFormatWriter$.$anonfun$writeAndCommit$3(FileFormatWriter.scala:275)

	at scala.runtime.java8.JFunction0$mcV$sp.apply(JFunction0$mcV$sp.java:23)

	at org.apache.spark.util.Utils$.timeTakenMs(Utils.scala:552)

	at org.apache.spark.sql.execution.datasources.FileFormatWriter$.writeAndCommit(FileFormatWriter.scala:275)

	at org.apache.spark.sql.execution.datasources.FileFormatWriter$.executeWrite(FileFormatWriter.scala:304)

	at org.apache.spark.sql.execution.datasources.FileFormatWriter$.write(FileFormatWriter.scala:190)

	at org.apache.spark.sql.execution.datasources.InsertIntoHadoopFsRelationCommand.run(InsertIntoHadoopFsRelationCommand.scala:190)

	at org.apache.spark.sql.execution.command.DataWritingCommandExec.sideEffectResult$lzycompute(commands.scala:113)

	at org.apache.spark.sql.execution.command.DataWritingCommandExec.sideEffectResult(commands.scala:111)

	at org.apache.spark.sql.execution.command.DataWritingCommandExec.executeCollect(commands.scala:125)

	at org.apache.spark.sql.execution.adaptive.AdaptiveSparkPlanExec.$anonfun$executeCollect$1(AdaptiveSparkPlanExec.scala:374)

	at org.apache.spark.sql.execution.adaptive.AdaptiveSparkPlanExec.withFinalPlanUpdate(AdaptiveSparkPlanExec.scala:402)

	at org.apache.spark.sql.execution.adaptive.AdaptiveSparkPlanExec.executeCollect(AdaptiveSparkPlanExec.scala:374)

	at org.apache.spark.sql.execution.QueryExecution$$anonfun$eagerlyExecuteCommands$1.$anonfun$applyOrElse$1(QueryExecution.scala:107)

	at org.apache.spark.sql.execution.SQLExecution$.$anonfun$withNewExecutionId$6(SQLExecution.scala:125)

	at org.apache.spark.sql.execution.SQLExecution$.withSQLConfPropagated(SQLExecution.scala:201)

	at org.apache.spark.sql.execution.SQLExecution$.$anonfun$withNewExecutionId$1(SQLExecution.scala:108)

	at org.apache.spark.sql.SparkSession.withActive(SparkSession.scala:900)

	at org.apache.spark.sql.execution.SQLExecution$.withNewExecutionId(SQLExecution.scala:66)

	at org.apache.spark.sql.execution.QueryExecution$$anonfun$eagerlyExecuteCommands$1.applyOrElse(QueryExecution.scala:107)

	at org.apache.spark.sql.execution.QueryExecution$$anonfun$eagerlyExecuteCommands$1.applyOrElse(QueryExecution.scala:98)

	at org.apache.spark.sql.catalyst.trees.TreeNode.$anonfun$transformDownWithPruning$1(TreeNode.scala:461)

	at org.apache.spark.sql.catalyst.trees.CurrentOrigin$.withOrigin(origin.scala:76)

	at org.apache.spark.sql.catalyst.trees.TreeNode.transformDownWithPruning(TreeNode.scala:461)

	at org.apache.spark.sql.catalyst.plans.logical.LogicalPlan.org$apache$spark$sql$catalyst$plans$logical$AnalysisHelper$$super$transformDownWithPruning(LogicalPlan.scala:32)

	at org.apache.spark.sql.catalyst.plans.logical.AnalysisHelper.transformDownWithPruning(AnalysisHelper.scala:267)

	at org.apache.spark.sql.catalyst.plans.logical.AnalysisHelper.transformDownWithPruning$(AnalysisHelper.scala:263)

	at org.apache.spark.sql.catalyst.plans.logical.LogicalPlan.transformDownWithPruning(LogicalPlan.scala:32)

	at org.apache.spark.sql.catalyst.plans.logical.LogicalPlan.transformDownWithPruning(LogicalPlan.scala:32)

	at org.apache.spark.sql.catalyst.trees.TreeNode.transformDown(TreeNode.scala:437)

	at org.apache.spark.sql.execution.QueryExecution.eagerlyExecuteCommands(QueryExecution.scala:98)

	at org.apache.spark.sql.execution.QueryExecution.commandExecuted$lzycompute(QueryExecution.scala:85)

	at org.apache.spark.sql.execution.QueryExecution.commandExecuted(QueryExecution.scala:83)

	at org.apache.spark.sql.execution.QueryExecution.assertCommandExecuted(QueryExecution.scala:142)

	at org.apache.spark.sql.DataFrameWriter.runCommand(DataFrameWriter.scala:859)

	at org.apache.spark.sql.DataFrameWriter.saveToV1Source(DataFrameWriter.scala:388)

	at org.apache.spark.sql.DataFrameWriter.saveInternal(DataFrameWriter.scala:361)

	at org.apache.spark.sql.DataFrameWriter.save(DataFrameWriter.scala:240)

	at org.apache.spark.sql.DataFrameWriter.parquet(DataFrameWriter.scala:792)

	at java.base/jdk.internal.reflect.NativeMethodAccessorImpl.invoke0(Native Method)

	at java.base/jdk.internal.reflect.NativeMethodAccessorImpl.invoke(NativeMethodAccessorImpl.java:77)

	at java.base/jdk.internal.reflect.DelegatingMethodAccessorImpl.invoke(DelegatingMethodAccessorImpl.java:43)

	at java.base/java.lang.reflect.Method.invoke(Method.java:568)

	at py4j.reflection.MethodInvoker.invoke(MethodInvoker.java:244)

	at py4j.reflection.ReflectionEngine.invoke(ReflectionEngine.java:374)

	at py4j.Gateway.invoke(Gateway.java:282)

	at py4j.commands.AbstractCommand.invokeMethod(AbstractCommand.java:132)

	at py4j.commands.CallCommand.execute(CallCommand.java:79)

	at py4j.ClientServerConnection.waitForCommands(ClientServerConnection.java:182)

	at py4j.ClientServerConnection.run(ClientServerConnection.java:106)

	at java.base/java.lang.Thread.run(Thread.java:842)


[Stage 23:>                                                         (0 + 2) / 2]

                                                                                
26/02/16 14:12:24 ERROR FileFormatWriter: Aborting job 1e4089f8-0670-4087-a07a-354d34dbffe5.

java.lang.UnsatisfiedLinkError: 'boolean org.apache.hadoop.io.nativeio.NativeIO$Windows.access0(java.lang.String, int)'

	at org.apache.hadoop.io.nativeio.NativeIO$Windows.access0(Native Method)

	at org.apache.hadoop.io.nativeio.NativeIO$Windows.access(NativeIO.java:793)

	at org.apache.hadoop.fs.FileUtil.canRead(FileUtil.java:1249)

	at org.apache.hadoop.fs.FileUtil.list(FileUtil.java:1454)

	at org.apache.hadoop.fs.RawLocalFileSystem.listStatus(RawLocalFileSystem.java:601)

	at org.apache.hadoop.fs.FileSystem.listStatus(FileSystem.java:1972)

	at org.apache.hadoop.fs.FileSystem.listStatus(FileSystem.java:2014)

	at org.apache.hadoop.fs.ChecksumFileSystem.listStatus(ChecksumFileSystem.java:761)

	at org.apache.hadoop.fs.FileSystem.listStatus(FileSystem.java:1972)

	at org.apache.hadoop.fs.FileSystem.listStatus(FileSystem.java:2014)

	at org.apache.hadoop.mapreduce.lib.output.FileOutputCommitter.getAllCommittedTaskPaths(FileOutputCommitter.java:334)

	at org.apache.hadoop.mapreduce.lib.output.FileOutputCommitter.commitJobInternal(FileOutputCommitter.java:404)

	at org.apache.hadoop.mapreduce.lib.output.FileOutputCommitter.commitJob(FileOutputCommitter.java:377)

	at org.apache.parquet.hadoop.ParquetOutputCommitter.commitJob(ParquetOutputCommitter.java:48)

	at org.apache.spark.internal.io.HadoopMapReduceCommitProtocol.commitJob(HadoopMapReduceCommitProtocol.scala:192)

	at org.apache.spark.sql.execution.datasources.FileFormatWriter$.$anonfun$writeAndCommit$3(FileFormatWriter.scala:275)

	at scala.runtime.java8.JFunction0$mcV$sp.apply(JFunction0$mcV$sp.java:23)

	at org.apache.spark.util.Utils$.timeTakenMs(Utils.scala:552)

	at org.apache.spark.sql.execution.datasources.FileFormatWriter$.writeAndCommit(FileFormatWriter.scala:275)

	at org.apache.spark.sql.execution.datasources.FileFormatWriter$.executeWrite(FileFormatWriter.scala:304)

	at org.apache.spark.sql.execution.datasources.FileFormatWriter$.write(FileFormatWriter.scala:190)

	at org.apache.spark.sql.execution.datasources.InsertIntoHadoopFsRelationCommand.run(InsertIntoHadoopFsRelationCommand.scala:190)

	at org.apache.spark.sql.execution.command.DataWritingCommandExec.sideEffectResult$lzycompute(commands.scala:113)

	at org.apache.spark.sql.execution.command.DataWritingCommandExec.sideEffectResult(commands.scala:111)

	at org.apache.spark.sql.execution.command.DataWritingCommandExec.executeCollect(commands.scala:125)

	at org.apache.spark.sql.execution.adaptive.AdaptiveSparkPlanExec.$anonfun$executeCollect$1(AdaptiveSparkPlanExec.scala:374)

	at org.apache.spark.sql.execution.adaptive.AdaptiveSparkPlanExec.withFinalPlanUpdate(AdaptiveSparkPlanExec.scala:402)

	at org.apache.spark.sql.execution.adaptive.AdaptiveSparkPlanExec.executeCollect(AdaptiveSparkPlanExec.scala:374)

	at org.apache.spark.sql.execution.QueryExecution$$anonfun$eagerlyExecuteCommands$1.$anonfun$applyOrElse$1(QueryExecution.scala:107)

	at org.apache.spark.sql.execution.SQLExecution$.$anonfun$withNewExecutionId$6(SQLExecution.scala:125)

	at org.apache.spark.sql.execution.SQLExecution$.withSQLConfPropagated(SQLExecution.scala:201)

	at org.apache.spark.sql.execution.SQLExecution$.$anonfun$withNewExecutionId$1(SQLExecution.scala:108)

	at org.apache.spark.sql.SparkSession.withActive(SparkSession.scala:900)

	at org.apache.spark.sql.execution.SQLExecution$.withNewExecutionId(SQLExecution.scala:66)

	at org.apache.spark.sql.execution.QueryExecution$$anonfun$eagerlyExecuteCommands$1.applyOrElse(QueryExecution.scala:107)

	at org.apache.spark.sql.execution.QueryExecution$$anonfun$eagerlyExecuteCommands$1.applyOrElse(QueryExecution.scala:98)

	at org.apache.spark.sql.catalyst.trees.TreeNode.$anonfun$transformDownWithPruning$1(TreeNode.scala:461)

	at org.apache.spark.sql.catalyst.trees.CurrentOrigin$.withOrigin(origin.scala:76)

	at org.apache.spark.sql.catalyst.trees.TreeNode.transformDownWithPruning(TreeNode.scala:461)

	at org.apache.spark.sql.catalyst.plans.logical.LogicalPlan.org$apache$spark$sql$catalyst$plans$logical$AnalysisHelper$$super$transformDownWithPruning(LogicalPlan.scala:32)

	at org.apache.spark.sql.catalyst.plans.logical.AnalysisHelper.transformDownWithPruning(AnalysisHelper.scala:267)

	at org.apache.spark.sql.catalyst.plans.logical.AnalysisHelper.transformDownWithPruning$(AnalysisHelper.scala:263)

	at org.apache.spark.sql.catalyst.plans.logical.LogicalPlan.transformDownWithPruning(LogicalPlan.scala:32)

	at org.apache.spark.sql.catalyst.plans.logical.LogicalPlan.transformDownWithPruning(LogicalPlan.scala:32)

	at org.apache.spark.sql.catalyst.trees.TreeNode.transformDown(TreeNode.scala:437)

	at org.apache.spark.sql.execution.QueryExecution.eagerlyExecuteCommands(QueryExecution.scala:98)

	at org.apache.spark.sql.execution.QueryExecution.commandExecuted$lzycompute(QueryExecution.scala:85)

	at org.apache.spark.sql.execution.QueryExecution.commandExecuted(QueryExecution.scala:83)

	at org.apache.spark.sql.execution.QueryExecution.assertCommandExecuted(QueryExecution.scala:142)

	at org.apache.spark.sql.DataFrameWriter.runCommand(DataFrameWriter.scala:859)

	at org.apache.spark.sql.DataFrameWriter.saveToV1Source(DataFrameWriter.scala:388)

	at org.apache.spark.sql.DataFrameWriter.saveInternal(DataFrameWriter.scala:361)

	at org.apache.spark.sql.DataFrameWriter.save(DataFrameWriter.scala:240)

	at org.apache.spark.sql.DataFrameWriter.parquet(DataFrameWriter.scala:792)

	at java.base/jdk.internal.reflect.NativeMethodAccessorImpl.invoke0(Native Method)

	at java.base/jdk.internal.reflect.NativeMethodAccessorImpl.invoke(NativeMethodAccessorImpl.java:77)

	at java.base/jdk.internal.reflect.DelegatingMethodAccessorImpl.invoke(DelegatingMethodAccessorImpl.java:43)

	at java.base/java.lang.reflect.Method.invoke(Method.java:568)

	at py4j.reflection.MethodInvoker.invoke(MethodInvoker.java:244)

	at py4j.reflection.ReflectionEngine.invoke(ReflectionEngine.java:374)

	at py4j.Gateway.invoke(Gateway.java:282)

	at py4j.commands.AbstractCommand.invokeMethod(AbstractCommand.java:132)

	at py4j.commands.CallCommand.execute(CallCommand.java:79)

	at py4j.ClientServerConnection.waitForCommands(ClientServerConnection.java:182)

	at py4j.ClientServerConnection.run(ClientServerConnection.java:106)

	at java.base/java.lang.Thread.run(Thread.java:842)


[Stage 31:>                                                         (0 + 2) / 2]

[Stage 31:=============================>                            (1 + 1) / 2]

                                                                                
26/02/16 14:12:27 ERROR FileFormatWriter: Aborting job 91c6df3c-360e-482f-920a-51935a270a2d.

java.lang.UnsatisfiedLinkError: 'boolean org.apache.hadoop.io.nativeio.NativeIO$Windows.access0(java.lang.String, int)'

	at org.apache.hadoop.io.nativeio.NativeIO$Windows.access0(Native Method)

	at org.apache.hadoop.io.nativeio.NativeIO$Windows.access(NativeIO.java:793)

	at org.apache.hadoop.fs.FileUtil.canRead(FileUtil.java:1249)

	at org.apache.hadoop.fs.FileUtil.list(FileUtil.java:1454)

	at org.apache.hadoop.fs.RawLocalFileSystem.listStatus(RawLocalFileSystem.java:601)

	at org.apache.hadoop.fs.FileSystem.listStatus(FileSystem.java:1972)

	at org.apache.hadoop.fs.FileSystem.listStatus(FileSystem.java:2014)

	at org.apache.hadoop.fs.ChecksumFileSystem.listStatus(ChecksumFileSystem.java:761)

	at org.apache.hadoop.fs.FileSystem.listStatus(FileSystem.java:1972)

	at org.apache.hadoop.fs.FileSystem.listStatus(FileSystem.java:2014)

	at org.apache.hadoop.mapreduce.lib.output.FileOutputCommitter.getAllCommittedTaskPaths(FileOutputCommitter.java:334)

	at org.apache.hadoop.mapreduce.lib.output.FileOutputCommitter.commitJobInternal(FileOutputCommitter.java:404)

	at org.apache.hadoop.mapreduce.lib.output.FileOutputCommitter.commitJob(FileOutputCommitter.java:377)

	at org.apache.parquet.hadoop.ParquetOutputCommitter.commitJob(ParquetOutputCommitter.java:48)

	at org.apache.spark.internal.io.HadoopMapReduceCommitProtocol.commitJob(HadoopMapReduceCommitProtocol.scala:192)

	at org.apache.spark.sql.execution.datasources.FileFormatWriter$.$anonfun$writeAndCommit$3(FileFormatWriter.scala:275)

	at scala.runtime.java8.JFunction0$mcV$sp.apply(JFunction0$mcV$sp.java:23)

	at org.apache.spark.util.Utils$.timeTakenMs(Utils.scala:552)

	at org.apache.spark.sql.execution.datasources.FileFormatWriter$.writeAndCommit(FileFormatWriter.scala:275)

	at org.apache.spark.sql.execution.datasources.FileFormatWriter$.executeWrite(FileFormatWriter.scala:304)

	at org.apache.spark.sql.execution.datasources.FileFormatWriter$.write(FileFormatWriter.scala:190)

	at org.apache.spark.sql.execution.datasources.InsertIntoHadoopFsRelationCommand.run(InsertIntoHadoopFsRelationCommand.scala:190)

	at org.apache.spark.sql.execution.command.DataWritingCommandExec.sideEffectResult$lzycompute(commands.scala:113)

	at org.apache.spark.sql.execution.command.DataWritingCommandExec.sideEffectResult(commands.scala:111)

	at org.apache.spark.sql.execution.command.DataWritingCommandExec.executeCollect(commands.scala:125)

	at org.apache.spark.sql.execution.adaptive.AdaptiveSparkPlanExec.$anonfun$executeCollect$1(AdaptiveSparkPlanExec.scala:374)

	at org.apache.spark.sql.execution.adaptive.AdaptiveSparkPlanExec.withFinalPlanUpdate(AdaptiveSparkPlanExec.scala:402)

	at org.apache.spark.sql.execution.adaptive.AdaptiveSparkPlanExec.executeCollect(AdaptiveSparkPlanExec.scala:374)

	at org.apache.spark.sql.execution.QueryExecution$$anonfun$eagerlyExecuteCommands$1.$anonfun$applyOrElse$1(QueryExecution.scala:107)

	at org.apache.spark.sql.execution.SQLExecution$.$anonfun$withNewExecutionId$6(SQLExecution.scala:125)

	at org.apache.spark.sql.execution.SQLExecution$.withSQLConfPropagated(SQLExecution.scala:201)

	at org.apache.spark.sql.execution.SQLExecution$.$anonfun$withNewExecutionId$1(SQLExecution.scala:108)

	at org.apache.spark.sql.SparkSession.withActive(SparkSession.scala:900)

	at org.apache.spark.sql.execution.SQLExecution$.withNewExecutionId(SQLExecution.scala:66)

	at org.apache.spark.sql.execution.QueryExecution$$anonfun$eagerlyExecuteCommands$1.applyOrElse(QueryExecution.scala:107)

	at org.apache.spark.sql.execution.QueryExecution$$anonfun$eagerlyExecuteCommands$1.applyOrElse(QueryExecution.scala:98)

	at org.apache.spark.sql.catalyst.trees.TreeNode.$anonfun$transformDownWithPruning$1(TreeNode.scala:461)

	at org.apache.spark.sql.catalyst.trees.CurrentOrigin$.withOrigin(origin.scala:76)

	at org.apache.spark.sql.catalyst.trees.TreeNode.transformDownWithPruning(TreeNode.scala:461)

	at org.apache.spark.sql.catalyst.plans.logical.LogicalPlan.org$apache$spark$sql$catalyst$plans$logical$AnalysisHelper$$super$transformDownWithPruning(LogicalPlan.scala:32)

	at org.apache.spark.sql.catalyst.plans.logical.AnalysisHelper.transformDownWithPruning(AnalysisHelper.scala:267)

	at org.apache.spark.sql.catalyst.plans.logical.AnalysisHelper.transformDownWithPruning$(AnalysisHelper.scala:263)

	at org.apache.spark.sql.catalyst.plans.logical.LogicalPlan.transformDownWithPruning(LogicalPlan.scala:32)

	at org.apache.spark.sql.catalyst.plans.logical.LogicalPlan.transformDownWithPruning(LogicalPlan.scala:32)

	at org.apache.spark.sql.catalyst.trees.TreeNode.transformDown(TreeNode.scala:437)

	at org.apache.spark.sql.execution.QueryExecution.eagerlyExecuteCommands(QueryExecution.scala:98)

	at org.apache.spark.sql.execution.QueryExecution.commandExecuted$lzycompute(QueryExecution.scala:85)

	at org.apache.spark.sql.execution.QueryExecution.commandExecuted(QueryExecution.scala:83)

	at org.apache.spark.sql.execution.QueryExecution.assertCommandExecuted(QueryExecution.scala:142)

	at org.apache.spark.sql.DataFrameWriter.runCommand(DataFrameWriter.scala:859)

	at org.apache.spark.sql.DataFrameWriter.saveToV1Source(DataFrameWriter.scala:388)

	at org.apache.spark.sql.DataFrameWriter.saveInternal(DataFrameWriter.scala:361)

	at org.apache.spark.sql.DataFrameWriter.save(DataFrameWriter.scala:240)

	at org.apache.spark.sql.DataFrameWriter.parquet(DataFrameWriter.scala:792)

	at java.base/jdk.internal.reflect.NativeMethodAccessorImpl.invoke0(Native Method)

	at java.base/jdk.internal.reflect.NativeMethodAccessorImpl.invoke(NativeMethodAccessorImpl.java:77)

	at java.base/jdk.internal.reflect.DelegatingMethodAccessorImpl.invoke(DelegatingMethodAccessorImpl.java:43)

	at java.base/java.lang.reflect.Method.invoke(Method.java:568)

	at py4j.reflection.MethodInvoker.invoke(MethodInvoker.java:244)

	at py4j.reflection.ReflectionEngine.invoke(ReflectionEngine.java:374)

	at py4j.Gateway.invoke(Gateway.java:282)

	at py4j.commands.AbstractCommand.invokeMethod(AbstractCommand.java:132)

	at py4j.commands.CallCommand.execute(CallCommand.java:79)

	at py4j.ClientServerConnection.waitForCommands(ClientServerConnection.java:182)

	at py4j.ClientServerConnection.run(ClientServerConnection.java:106)

	at java.base/java.lang.Thread.run(Thread.java:842)


[Stage 39:>                                                         (0 + 2) / 2]

[Stage 39:=============================>                            (1 + 1) / 2]

                                                                                
26/02/16 14:12:31 ERROR FileFormatWriter: Aborting job c0918421-3b41-4e69-8234-f882f47c23a0.

java.lang.UnsatisfiedLinkError: 'boolean org.apache.hadoop.io.nativeio.NativeIO$Windows.access0(java.lang.String, int)'

	at org.apache.hadoop.io.nativeio.NativeIO$Windows.access0(Native Method)

	at org.apache.hadoop.io.nativeio.NativeIO$Windows.access(NativeIO.java:793)

	at org.apache.hadoop.fs.FileUtil.canRead(FileUtil.java:1249)

	at org.apache.hadoop.fs.FileUtil.list(FileUtil.java:1454)

	at org.apache.hadoop.fs.RawLocalFileSystem.listStatus(RawLocalFileSystem.java:601)

	at org.apache.hadoop.fs.FileSystem.listStatus(FileSystem.java:1972)

	at org.apache.hadoop.fs.FileSystem.listStatus(FileSystem.java:2014)

	at org.apache.hadoop.fs.ChecksumFileSystem.listStatus(ChecksumFileSystem.java:761)

	at org.apache.hadoop.fs.FileSystem.listStatus(FileSystem.java:1972)

	at org.apache.hadoop.fs.FileSystem.listStatus(FileSystem.java:2014)

	at org.apache.hadoop.mapreduce.lib.output.FileOutputCommitter.getAllCommittedTaskPaths(FileOutputCommitter.java:334)

	at org.apache.hadoop.mapreduce.lib.output.FileOutputCommitter.commitJobInternal(FileOutputCommitter.java:404)

	at org.apache.hadoop.mapreduce.lib.output.FileOutputCommitter.commitJob(FileOutputCommitter.java:377)

	at org.apache.parquet.hadoop.ParquetOutputCommitter.commitJob(ParquetOutputCommitter.java:48)

	at org.apache.spark.internal.io.HadoopMapReduceCommitProtocol.commitJob(HadoopMapReduceCommitProtocol.scala:192)

	at org.apache.spark.sql.execution.datasources.FileFormatWriter$.$anonfun$writeAndCommit$3(FileFormatWriter.scala:275)

	at scala.runtime.java8.JFunction0$mcV$sp.apply(JFunction0$mcV$sp.java:23)

	at org.apache.spark.util.Utils$.timeTakenMs(Utils.scala:552)

	at org.apache.spark.sql.execution.datasources.FileFormatWriter$.writeAndCommit(FileFormatWriter.scala:275)

	at org.apache.spark.sql.execution.datasources.FileFormatWriter$.executeWrite(FileFormatWriter.scala:304)

	at org.apache.spark.sql.execution.datasources.FileFormatWriter$.write(FileFormatWriter.scala:190)

	at org.apache.spark.sql.execution.datasources.InsertIntoHadoopFsRelationCommand.run(InsertIntoHadoopFsRelationCommand.scala:190)

	at org.apache.spark.sql.execution.command.DataWritingCommandExec.sideEffectResult$lzycompute(commands.scala:113)

	at org.apache.spark.sql.execution.command.DataWritingCommandExec.sideEffectResult(commands.scala:111)

	at org.apache.spark.sql.execution.command.DataWritingCommandExec.executeCollect(commands.scala:125)

	at org.apache.spark.sql.execution.adaptive.AdaptiveSparkPlanExec.$anonfun$executeCollect$1(AdaptiveSparkPlanExec.scala:374)

	at org.apache.spark.sql.execution.adaptive.AdaptiveSparkPlanExec.withFinalPlanUpdate(AdaptiveSparkPlanExec.scala:402)

	at org.apache.spark.sql.execution.adaptive.AdaptiveSparkPlanExec.executeCollect(AdaptiveSparkPlanExec.scala:374)

	at org.apache.spark.sql.execution.QueryExecution$$anonfun$eagerlyExecuteCommands$1.$anonfun$applyOrElse$1(QueryExecution.scala:107)

	at org.apache.spark.sql.execution.SQLExecution$.$anonfun$withNewExecutionId$6(SQLExecution.scala:125)

	at org.apache.spark.sql.execution.SQLExecution$.withSQLConfPropagated(SQLExecution.scala:201)

	at org.apache.spark.sql.execution.SQLExecution$.$anonfun$withNewExecutionId$1(SQLExecution.scala:108)

	at org.apache.spark.sql.SparkSession.withActive(SparkSession.scala:900)

	at org.apache.spark.sql.execution.SQLExecution$.withNewExecutionId(SQLExecution.scala:66)

	at org.apache.spark.sql.execution.QueryExecution$$anonfun$eagerlyExecuteCommands$1.applyOrElse(QueryExecution.scala:107)

	at org.apache.spark.sql.execution.QueryExecution$$anonfun$eagerlyExecuteCommands$1.applyOrElse(QueryExecution.scala:98)

	at org.apache.spark.sql.catalyst.trees.TreeNode.$anonfun$transformDownWithPruning$1(TreeNode.scala:461)

	at org.apache.spark.sql.catalyst.trees.CurrentOrigin$.withOrigin(origin.scala:76)

	at org.apache.spark.sql.catalyst.trees.TreeNode.transformDownWithPruning(TreeNode.scala:461)

	at org.apache.spark.sql.catalyst.plans.logical.LogicalPlan.org$apache$spark$sql$catalyst$plans$logical$AnalysisHelper$$super$transformDownWithPruning(LogicalPlan.scala:32)

	at org.apache.spark.sql.catalyst.plans.logical.AnalysisHelper.transformDownWithPruning(AnalysisHelper.scala:267)

	at org.apache.spark.sql.catalyst.plans.logical.AnalysisHelper.transformDownWithPruning$(AnalysisHelper.scala:263)

	at org.apache.spark.sql.catalyst.plans.logical.LogicalPlan.transformDownWithPruning(LogicalPlan.scala:32)

	at org.apache.spark.sql.catalyst.plans.logical.LogicalPlan.transformDownWithPruning(LogicalPlan.scala:32)

	at org.apache.spark.sql.catalyst.trees.TreeNode.transformDown(TreeNode.scala:437)

	at org.apache.spark.sql.execution.QueryExecution.eagerlyExecuteCommands(QueryExecution.scala:98)

	at org.apache.spark.sql.execution.QueryExecution.commandExecuted$lzycompute(QueryExecution.scala:85)

	at org.apache.spark.sql.execution.QueryExecution.commandExecuted(QueryExecution.scala:83)

	at org.apache.spark.sql.execution.QueryExecution.assertCommandExecuted(QueryExecution.scala:142)

	at org.apache.spark.sql.DataFrameWriter.runCommand(DataFrameWriter.scala:859)

	at org.apache.spark.sql.DataFrameWriter.saveToV1Source(DataFrameWriter.scala:388)

	at org.apache.spark.sql.DataFrameWriter.saveInternal(DataFrameWriter.scala:361)

	at org.apache.spark.sql.DataFrameWriter.save(DataFrameWriter.scala:240)

	at org.apache.spark.sql.DataFrameWriter.parquet(DataFrameWriter.scala:792)

	at java.base/jdk.internal.reflect.NativeMethodAccessorImpl.invoke0(Native Method)

	at java.base/jdk.internal.reflect.NativeMethodAccessorImpl.invoke(NativeMethodAccessorImpl.java:77)

	at java.base/jdk.internal.reflect.DelegatingMethodAccessorImpl.invoke(DelegatingMethodAccessorImpl.java:43)

	at java.base/java.lang.reflect.Method.invoke(Method.java:568)

	at py4j.reflection.MethodInvoker.invoke(MethodInvoker.java:244)

	at py4j.reflection.ReflectionEngine.invoke(ReflectionEngine.java:374)

	at py4j.Gateway.invoke(Gateway.java:282)

	at py4j.commands.AbstractCommand.invokeMethod(AbstractCommand.java:132)

	at py4j.commands.CallCommand.execute(CallCommand.java:79)

	at py4j.ClientServerConnection.waitForCommands(ClientServerConnection.java:182)

	at py4j.ClientServerConnection.run(ClientServerConnection.java:106)

	at java.base/java.lang.Thread.run(Thread.java:842)


[Stage 47:>                                                         (0 + 2) / 2]

                                                                                
26/02/16 14:12:34 ERROR FileFormatWriter: Aborting job f30e6021-ab2f-4906-8014-298386219fa9.

java.lang.UnsatisfiedLinkError: 'boolean org.apache.hadoop.io.nativeio.NativeIO$Windows.access0(java.lang.String, int)'

	at org.apache.hadoop.io.nativeio.NativeIO$Windows.access0(Native Method)

	at org.apache.hadoop.io.nativeio.NativeIO$Windows.access(NativeIO.java:793)

	at org.apache.hadoop.fs.FileUtil.canRead(FileUtil.java:1249)

	at org.apache.hadoop.fs.FileUtil.list(FileUtil.java:1454)

	at org.apache.hadoop.fs.RawLocalFileSystem.listStatus(RawLocalFileSystem.java:601)

	at org.apache.hadoop.fs.FileSystem.listStatus(FileSystem.java:1972)

	at org.apache.hadoop.fs.FileSystem.listStatus(FileSystem.java:2014)

	at org.apache.hadoop.fs.ChecksumFileSystem.listStatus(ChecksumFileSystem.java:761)

	at org.apache.hadoop.fs.FileSystem.listStatus(FileSystem.java:1972)

	at org.apache.hadoop.fs.FileSystem.listStatus(FileSystem.java:2014)

	at org.apache.hadoop.mapreduce.lib.output.FileOutputCommitter.getAllCommittedTaskPaths(FileOutputCommitter.java:334)

	at org.apache.hadoop.mapreduce.lib.output.FileOutputCommitter.commitJobInternal(FileOutputCommitter.java:404)

	at org.apache.hadoop.mapreduce.lib.output.FileOutputCommitter.commitJob(FileOutputCommitter.java:377)

	at org.apache.parquet.hadoop.ParquetOutputCommitter.commitJob(ParquetOutputCommitter.java:48)

	at org.apache.spark.internal.io.HadoopMapReduceCommitProtocol.commitJob(HadoopMapReduceCommitProtocol.scala:192)

	at org.apache.spark.sql.execution.datasources.FileFormatWriter$.$anonfun$writeAndCommit$3(FileFormatWriter.scala:275)

	at scala.runtime.java8.JFunction0$mcV$sp.apply(JFunction0$mcV$sp.java:23)

	at org.apache.spark.util.Utils$.timeTakenMs(Utils.scala:552)

	at org.apache.spark.sql.execution.datasources.FileFormatWriter$.writeAndCommit(FileFormatWriter.scala:275)

	at org.apache.spark.sql.execution.datasources.FileFormatWriter$.executeWrite(FileFormatWriter.scala:304)

	at org.apache.spark.sql.execution.datasources.FileFormatWriter$.write(FileFormatWriter.scala:190)

	at org.apache.spark.sql.execution.datasources.InsertIntoHadoopFsRelationCommand.run(InsertIntoHadoopFsRelationCommand.scala:190)

	at org.apache.spark.sql.execution.command.DataWritingCommandExec.sideEffectResult$lzycompute(commands.scala:113)

	at org.apache.spark.sql.execution.command.DataWritingCommandExec.sideEffectResult(commands.scala:111)

	at org.apache.spark.sql.execution.command.DataWritingCommandExec.executeCollect(commands.scala:125)

	at org.apache.spark.sql.execution.adaptive.AdaptiveSparkPlanExec.$anonfun$executeCollect$1(AdaptiveSparkPlanExec.scala:374)

	at org.apache.spark.sql.execution.adaptive.AdaptiveSparkPlanExec.withFinalPlanUpdate(AdaptiveSparkPlanExec.scala:402)

	at org.apache.spark.sql.execution.adaptive.AdaptiveSparkPlanExec.executeCollect(AdaptiveSparkPlanExec.scala:374)

	at org.apache.spark.sql.execution.QueryExecution$$anonfun$eagerlyExecuteCommands$1.$anonfun$applyOrElse$1(QueryExecution.scala:107)

	at org.apache.spark.sql.execution.SQLExecution$.$anonfun$withNewExecutionId$6(SQLExecution.scala:125)

	at org.apache.spark.sql.execution.SQLExecution$.withSQLConfPropagated(SQLExecution.scala:201)

	at org.apache.spark.sql.execution.SQLExecution$.$anonfun$withNewExecutionId$1(SQLExecution.scala:108)

	at org.apache.spark.sql.SparkSession.withActive(SparkSession.scala:900)

	at org.apache.spark.sql.execution.SQLExecution$.withNewExecutionId(SQLExecution.scala:66)

	at org.apache.spark.sql.execution.QueryExecution$$anonfun$eagerlyExecuteCommands$1.applyOrElse(QueryExecution.scala:107)

	at org.apache.spark.sql.execution.QueryExecution$$anonfun$eagerlyExecuteCommands$1.applyOrElse(QueryExecution.scala:98)

	at org.apache.spark.sql.catalyst.trees.TreeNode.$anonfun$transformDownWithPruning$1(TreeNode.scala:461)

	at org.apache.spark.sql.catalyst.trees.CurrentOrigin$.withOrigin(origin.scala:76)

	at org.apache.spark.sql.catalyst.trees.TreeNode.transformDownWithPruning(TreeNode.scala:461)

	at org.apache.spark.sql.catalyst.plans.logical.LogicalPlan.org$apache$spark$sql$catalyst$plans$logical$AnalysisHelper$$super$transformDownWithPruning(LogicalPlan.scala:32)

	at org.apache.spark.sql.catalyst.plans.logical.AnalysisHelper.transformDownWithPruning(AnalysisHelper.scala:267)

	at org.apache.spark.sql.catalyst.plans.logical.AnalysisHelper.transformDownWithPruning$(AnalysisHelper.scala:263)

	at org.apache.spark.sql.catalyst.plans.logical.LogicalPlan.transformDownWithPruning(LogicalPlan.scala:32)

	at org.apache.spark.sql.catalyst.plans.logical.LogicalPlan.transformDownWithPruning(LogicalPlan.scala:32)

	at org.apache.spark.sql.catalyst.trees.TreeNode.transformDown(TreeNode.scala:437)

	at org.apache.spark.sql.execution.QueryExecution.eagerlyExecuteCommands(QueryExecution.scala:98)

	at org.apache.spark.sql.execution.QueryExecution.commandExecuted$lzycompute(QueryExecution.scala:85)

	at org.apache.spark.sql.execution.QueryExecution.commandExecuted(QueryExecution.scala:83)

	at org.apache.spark.sql.execution.QueryExecution.assertCommandExecuted(QueryExecution.scala:142)

	at org.apache.spark.sql.DataFrameWriter.runCommand(DataFrameWriter.scala:859)

	at org.apache.spark.sql.DataFrameWriter.saveToV1Source(DataFrameWriter.scala:388)

	at org.apache.spark.sql.DataFrameWriter.saveInternal(DataFrameWriter.scala:361)

	at org.apache.spark.sql.DataFrameWriter.save(DataFrameWriter.scala:240)

	at org.apache.spark.sql.DataFrameWriter.parquet(DataFrameWriter.scala:792)

	at java.base/jdk.internal.reflect.NativeMethodAccessorImpl.invoke0(Native Method)

	at java.base/jdk.internal.reflect.NativeMethodAccessorImpl.invoke(NativeMethodAccessorImpl.java:77)

	at java.base/jdk.internal.reflect.DelegatingMethodAccessorImpl.invoke(DelegatingMethodAccessorImpl.java:43)

	at java.base/java.lang.reflect.Method.invoke(Method.java:568)

	at py4j.reflection.MethodInvoker.invoke(MethodInvoker.java:244)

	at py4j.reflection.ReflectionEngine.invoke(ReflectionEngine.java:374)

	at py4j.Gateway.invoke(Gateway.java:282)

	at py4j.commands.AbstractCommand.invokeMethod(AbstractCommand.java:132)

	at py4j.commands.CallCommand.execute(CallCommand.java:79)

	at py4j.ClientServerConnection.waitForCommands(ClientServerConnection.java:182)

	at py4j.ClientServerConnection.run(ClientServerConnection.java:106)

	at java.base/java.lang.Thread.run(Thread.java:842)


[Stage 55:>                                                         (0 + 2) / 2]

                                                                                
26/02/16 14:12:37 ERROR FileFormatWriter: Aborting job f9aa5d02-18c1-4503-ae4f-d89fb5a747da.

java.lang.UnsatisfiedLinkError: 'boolean org.apache.hadoop.io.nativeio.NativeIO$Windows.access0(java.lang.String, int)'

	at org.apache.hadoop.io.nativeio.NativeIO$Windows.access0(Native Method)

	at org.apache.hadoop.io.nativeio.NativeIO$Windows.access(NativeIO.java:793)

	at org.apache.hadoop.fs.FileUtil.canRead(FileUtil.java:1249)

	at org.apache.hadoop.fs.FileUtil.list(FileUtil.java:1454)

	at org.apache.hadoop.fs.RawLocalFileSystem.listStatus(RawLocalFileSystem.java:601)

	at org.apache.hadoop.fs.FileSystem.listStatus(FileSystem.java:1972)

	at org.apache.hadoop.fs.FileSystem.listStatus(FileSystem.java:2014)

	at org.apache.hadoop.fs.ChecksumFileSystem.listStatus(ChecksumFileSystem.java:761)

	at org.apache.hadoop.fs.FileSystem.listStatus(FileSystem.java:1972)

	at org.apache.hadoop.fs.FileSystem.listStatus(FileSystem.java:2014)

	at org.apache.hadoop.mapreduce.lib.output.FileOutputCommitter.getAllCommittedTaskPaths(FileOutputCommitter.java:334)

	at org.apache.hadoop.mapreduce.lib.output.FileOutputCommitter.commitJobInternal(FileOutputCommitter.java:404)

	at org.apache.hadoop.mapreduce.lib.output.FileOutputCommitter.commitJob(FileOutputCommitter.java:377)

	at org.apache.parquet.hadoop.ParquetOutputCommitter.commitJob(ParquetOutputCommitter.java:48)

	at org.apache.spark.internal.io.HadoopMapReduceCommitProtocol.commitJob(HadoopMapReduceCommitProtocol.scala:192)

	at org.apache.spark.sql.execution.datasources.FileFormatWriter$.$anonfun$writeAndCommit$3(FileFormatWriter.scala:275)

	at scala.runtime.java8.JFunction0$mcV$sp.apply(JFunction0$mcV$sp.java:23)

	at org.apache.spark.util.Utils$.timeTakenMs(Utils.scala:552)

	at org.apache.spark.sql.execution.datasources.FileFormatWriter$.writeAndCommit(FileFormatWriter.scala:275)

	at org.apache.spark.sql.execution.datasources.FileFormatWriter$.executeWrite(FileFormatWriter.scala:304)

	at org.apache.spark.sql.execution.datasources.FileFormatWriter$.write(FileFormatWriter.scala:190)

	at org.apache.spark.sql.execution.datasources.InsertIntoHadoopFsRelationCommand.run(InsertIntoHadoopFsRelationCommand.scala:190)

	at org.apache.spark.sql.execution.command.DataWritingCommandExec.sideEffectResult$lzycompute(commands.scala:113)

	at org.apache.spark.sql.execution.command.DataWritingCommandExec.sideEffectResult(commands.scala:111)

	at org.apache.spark.sql.execution.command.DataWritingCommandExec.executeCollect(commands.scala:125)

	at org.apache.spark.sql.execution.adaptive.AdaptiveSparkPlanExec.$anonfun$executeCollect$1(AdaptiveSparkPlanExec.scala:374)

	at org.apache.spark.sql.execution.adaptive.AdaptiveSparkPlanExec.withFinalPlanUpdate(AdaptiveSparkPlanExec.scala:402)

	at org.apache.spark.sql.execution.adaptive.AdaptiveSparkPlanExec.executeCollect(AdaptiveSparkPlanExec.scala:374)

	at org.apache.spark.sql.execution.QueryExecution$$anonfun$eagerlyExecuteCommands$1.$anonfun$applyOrElse$1(QueryExecution.scala:107)

	at org.apache.spark.sql.execution.SQLExecution$.$anonfun$withNewExecutionId$6(SQLExecution.scala:125)

	at org.apache.spark.sql.execution.SQLExecution$.withSQLConfPropagated(SQLExecution.scala:201)

	at org.apache.spark.sql.execution.SQLExecution$.$anonfun$withNewExecutionId$1(SQLExecution.scala:108)

	at org.apache.spark.sql.SparkSession.withActive(SparkSession.scala:900)

	at org.apache.spark.sql.execution.SQLExecution$.withNewExecutionId(SQLExecution.scala:66)

	at org.apache.spark.sql.execution.QueryExecution$$anonfun$eagerlyExecuteCommands$1.applyOrElse(QueryExecution.scala:107)

	at org.apache.spark.sql.execution.QueryExecution$$anonfun$eagerlyExecuteCommands$1.applyOrElse(QueryExecution.scala:98)

	at org.apache.spark.sql.catalyst.trees.TreeNode.$anonfun$transformDownWithPruning$1(TreeNode.scala:461)

	at org.apache.spark.sql.catalyst.trees.CurrentOrigin$.withOrigin(origin.scala:76)

	at org.apache.spark.sql.catalyst.trees.TreeNode.transformDownWithPruning(TreeNode.scala:461)

	at org.apache.spark.sql.catalyst.plans.logical.LogicalPlan.org$apache$spark$sql$catalyst$plans$logical$AnalysisHelper$$super$transformDownWithPruning(LogicalPlan.scala:32)

	at org.apache.spark.sql.catalyst.plans.logical.AnalysisHelper.transformDownWithPruning(AnalysisHelper.scala:267)

	at org.apache.spark.sql.catalyst.plans.logical.AnalysisHelper.transformDownWithPruning$(AnalysisHelper.scala:263)

	at org.apache.spark.sql.catalyst.plans.logical.LogicalPlan.transformDownWithPruning(LogicalPlan.scala:32)

	at org.apache.spark.sql.catalyst.plans.logical.LogicalPlan.transformDownWithPruning(LogicalPlan.scala:32)

	at org.apache.spark.sql.catalyst.trees.TreeNode.transformDown(TreeNode.scala:437)

	at org.apache.spark.sql.execution.QueryExecution.eagerlyExecuteCommands(QueryExecution.scala:98)

	at org.apache.spark.sql.execution.QueryExecution.commandExecuted$lzycompute(QueryExecution.scala:85)

	at org.apache.spark.sql.execution.QueryExecution.commandExecuted(QueryExecution.scala:83)

	at org.apache.spark.sql.execution.QueryExecution.assertCommandExecuted(QueryExecution.scala:142)

	at org.apache.spark.sql.DataFrameWriter.runCommand(DataFrameWriter.scala:859)

	at org.apache.spark.sql.DataFrameWriter.saveToV1Source(DataFrameWriter.scala:388)

	at org.apache.spark.sql.DataFrameWriter.saveInternal(DataFrameWriter.scala:361)

	at org.apache.spark.sql.DataFrameWriter.save(DataFrameWriter.scala:240)

	at org.apache.spark.sql.DataFrameWriter.parquet(DataFrameWriter.scala:792)

	at java.base/jdk.internal.reflect.NativeMethodAccessorImpl.invoke0(Native Method)

	at java.base/jdk.internal.reflect.NativeMethodAccessorImpl.invoke(NativeMethodAccessorImpl.java:77)

	at java.base/jdk.internal.reflect.DelegatingMethodAccessorImpl.invoke(DelegatingMethodAccessorImpl.java:43)

	at java.base/java.lang.reflect.Method.invoke(Method.java:568)

	at py4j.reflection.MethodInvoker.invoke(MethodInvoker.java:244)

	at py4j.reflection.ReflectionEngine.invoke(ReflectionEngine.java:374)

	at py4j.Gateway.invoke(Gateway.java:282)

	at py4j.commands.AbstractCommand.invokeMethod(AbstractCommand.java:132)

	at py4j.commands.CallCommand.execute(CallCommand.java:79)

	at py4j.ClientServerConnection.waitForCommands(ClientServerConnection.java:182)

	at py4j.ClientServerConnection.run(ClientServerConnection.java:106)

	at java.base/java.lang.Thread.run(Thread.java:842)

------------------------------ Captured log call ------------------------------
ERROR    src.analytics.metrics_aggregator:metrics_aggregator.py:292 Failed to export temporal metrics: An error occurred while calling o133.parquet.
: java.lang.UnsatisfiedLinkError: 'boolean org.apache.hadoop.io.nativeio.NativeIO$Windows.access0(java.lang.String, int)'

	at org.apache.hadoop.io.nativeio.NativeIO$Windows.access0(Native Method)

	at org.apache.hadoop.io.nativeio.NativeIO$Windows.access(NativeIO.java:793)

	at org.apache.hadoop.fs.FileUtil.canRead(FileUtil.java:1249)

	at org.apache.hadoop.fs.FileUtil.list(FileUtil.java:1454)

	at org.apache.hadoop.fs.RawLocalFileSystem.listStatus(RawLocalFileSystem.java:601)

	at org.apache.hadoop.fs.FileSystem.listStatus(FileSystem.java:1972)

	at org.apache.hadoop.fs.FileSystem.listStatus(FileSystem.java:2014)

	at org.apache.hadoop.fs.ChecksumFileSystem.listStatus(ChecksumFileSystem.java:761)

	at org.apache.hadoop.fs.FileSystem.listStatus(FileSystem.java:1972)

	at org.apache.hadoop.fs.FileSystem.listStatus(FileSystem.java:2014)

	at org.apache.hadoop.mapreduce.lib.output.FileOutputCommitter.getAllCommittedTaskPaths(FileOutputCommitter.java:334)

	at org.apache.hadoop.mapreduce.lib.output.FileOutputCommitter.commitJobInternal(FileOutputCommitter.java:404)

	at org.apache.hadoop.mapreduce.lib.output.FileOutputCommitter.commitJob(FileOutputCommitter.java:377)

	at org.apache.parquet.hadoop.ParquetOutputCommitter.commitJob(ParquetOutputCommitter.java:48)

	at org.apache.spark.internal.io.HadoopMapReduceCommitProtocol.commitJob(HadoopMapReduceCommitProtocol.scala:192)

	at org.apache.spark.sql.execution.datasources.FileFormatWriter$.$anonfun$writeAndCommit$3(FileFormatWriter.scala:275)

	at scala.runtime.java8.JFunction0$mcV$sp.apply(JFunction0$mcV$sp.java:23)

	at org.apache.spark.util.Utils$.timeTakenMs(Utils.scala:552)

	at org.apache.spark.sql.execution.datasources.FileFormatWriter$.writeAndCommit(FileFormatWriter.scala:275)

	at org.apache.spark.sql.execution.datasources.FileFormatWriter$.executeWrite(FileFormatWriter.scala:304)

	at org.apache.spark.sql.execution.datasources.FileFormatWriter$.write(FileFormatWriter.scala:190)

	at org.apache.spark.sql.execution.datasources.InsertIntoHadoopFsRelationCommand.run(InsertIntoHadoopFsRelationCommand.scala:190)

	at org.apache.spark.sql.execution.command.DataWritingCommandExec.sideEffectResult$lzycompute(commands.scala:113)

	at org.apache.spark.sql.execution.command.DataWritingCommandExec.sideEffectResult(commands.scala:111)

	at org.apache.spark.sql.execution.command.DataWritingCommandExec.executeCollect(commands.scala:125)

	at org.apache.spark.sql.execution.adaptive.AdaptiveSparkPlanExec.$anonfun$executeCollect$1(AdaptiveSparkPlanExec.scala:374)

	at org.apache.spark.sql.execution.adaptive.AdaptiveSparkPlanExec.withFinalPlanUpdate(AdaptiveSparkPlanExec.scala:402)

	at org.apache.spark.sql.execution.adaptive.AdaptiveSparkPlanExec.executeCollect(AdaptiveSparkPlanExec.scala:374)

	at org.apache.spark.sql.execution.QueryExecution$$anonfun$eagerlyExecuteCommands$1.$anonfun$applyOrElse$1(QueryExecution.scala:107)

	at org.apache.spark.sql.execution.SQLExecution$.$anonfun$withNewExecutionId$6(SQLExecution.scala:125)

	at org.apache.spark.sql.execution.SQLExecution$.withSQLConfPropagated(SQLExecution.scala:201)

	at org.apache.spark.sql.execution.SQLExecution$.$anonfun$withNewExecutionId$1(SQLExecution.scala:108)

	at org.apache.spark.sql.SparkSession.withActive(SparkSession.scala:900)

	at org.apache.spark.sql.execution.SQLExecution$.withNewExecutionId(SQLExecution.scala:66)

	at org.apache.spark.sql.execution.QueryExecution$$anonfun$eagerlyExecuteCommands$1.applyOrElse(QueryExecution.scala:107)

	at org.apache.spark.sql.execution.QueryExecution$$anonfun$eagerlyExecuteCommands$1.applyOrElse(QueryExecution.scala:98)

	at org.apache.spark.sql.catalyst.trees.TreeNode.$anonfun$transformDownWithPruning$1(TreeNode.scala:461)

	at org.apache.spark.sql.catalyst.trees.CurrentOrigin$.withOrigin(origin.scala:76)

	at org.apache.spark.sql.catalyst.trees.TreeNode.transformDownWithPruning(TreeNode.scala:461)

	at org.apache.spark.sql.catalyst.plans.logical.LogicalPlan.org$apache$spark$sql$catalyst$plans$logical$AnalysisHelper$$super$transformDownWithPruning(LogicalPlan.scala:32)

	at org.apache.spark.sql.catalyst.plans.logical.AnalysisHelper.transformDownWithPruning(AnalysisHelper.scala:267)

	at org.apache.spark.sql.catalyst.plans.logical.AnalysisHelper.transformDownWithPruning$(AnalysisHelper.scala:263)

	at org.apache.spark.sql.catalyst.plans.logical.LogicalPlan.transformDownWithPruning(LogicalPlan.scala:32)

	at org.apache.spark.sql.catalyst.plans.logical.LogicalPlan.transformDownWithPruning(LogicalPlan.scala:32)

	at org.apache.spark.sql.catalyst.trees.TreeNode.transformDown(TreeNode.scala:437)

	at org.apache.spark.sql.execution.QueryExecution.eagerlyExecuteCommands(QueryExecution.scala:98)

	at org.apache.spark.sql.execution.QueryExecution.commandExecuted$lzycompute(QueryExecution.scala:85)

	at org.apache.spark.sql.execution.QueryExecution.commandExecuted(QueryExecution.scala:83)

	at org.apache.spark.sql.execution.QueryExecution.assertCommandExecuted(QueryExecution.scala:142)

	at org.apache.spark.sql.DataFrameWriter.runCommand(DataFrameWriter.scala:859)

	at org.apache.spark.sql.DataFrameWriter.saveToV1Source(DataFrameWriter.scala:388)

	at org.apache.spark.sql.DataFrameWriter.saveInternal(DataFrameWriter.scala:361)

	at org.apache.spark.sql.DataFrameWriter.save(DataFrameWriter.scala:240)

	at org.apache.spark.sql.DataFrameWriter.parquet(DataFrameWriter.scala:792)

	at java.base/jdk.internal.reflect.NativeMethodAccessorImpl.invoke0(Native Method)

	at java.base/jdk.internal.reflect.NativeMethodAccessorImpl.invoke(NativeMethodAccessorImpl.java:77)

	at java.base/jdk.internal.reflect.DelegatingMethodAccessorImpl.invoke(DelegatingMethodAccessorImpl.java:43)

	at java.base/java.lang.reflect.Method.invoke(Method.java:568)

	at py4j.reflection.MethodInvoker.invoke(MethodInvoker.java:244)

	at py4j.reflection.ReflectionEngine.invoke(ReflectionEngine.java:374)

	at py4j.Gateway.invoke(Gateway.java:282)

	at py4j.commands.AbstractCommand.invokeMethod(AbstractCommand.java:132)

	at py4j.commands.CallCommand.execute(CallCommand.java:79)

	at py4j.ClientServerConnection.waitForCommands(ClientServerConnection.java:182)

	at py4j.ClientServerConnection.run(ClientServerConnection.java:106)

	at java.base/java.lang.Thread.run(Thread.java:842)


ERROR    src.analytics.metrics_aggregator:metrics_aggregator.py:292 Failed to export genre metrics: An error occurred while calling o182.parquet.
: java.lang.UnsatisfiedLinkError: 'boolean org.apache.hadoop.io.nativeio.NativeIO$Windows.access0(java.lang.String, int)'

	at org.apache.hadoop.io.nativeio.NativeIO$Windows.access0(Native Method)

	at org.apache.hadoop.io.nativeio.NativeIO$Windows.access(NativeIO.java:793)

	at org.apache.hadoop.fs.FileUtil.canRead(FileUtil.java:1249)

	at org.apache.hadoop.fs.FileUtil.list(FileUtil.java:1454)

	at org.apache.hadoop.fs.RawLocalFileSystem.listStatus(RawLocalFileSystem.java:601)

	at org.apache.hadoop.fs.FileSystem.listStatus(FileSystem.java:1972)

	at org.apache.hadoop.fs.FileSystem.listStatus(FileSystem.java:2014)

	at org.apache.hadoop.fs.ChecksumFileSystem.listStatus(ChecksumFileSystem.java:761)

	at org.apache.hadoop.fs.FileSystem.listStatus(FileSystem.java:1972)

	at org.apache.hadoop.fs.FileSystem.listStatus(FileSystem.java:2014)

	at org.apache.hadoop.mapreduce.lib.output.FileOutputCommitter.getAllCommittedTaskPaths(FileOutputCommitter.java:334)

	at org.apache.hadoop.mapreduce.lib.output.FileOutputCommitter.commitJobInternal(FileOutputCommitter.java:404)

	at org.apache.hadoop.mapreduce.lib.output.FileOutputCommitter.commitJob(FileOutputCommitter.java:377)

	at org.apache.parquet.hadoop.ParquetOutputCommitter.commitJob(ParquetOutputCommitter.java:48)

	at org.apache.spark.internal.io.HadoopMapReduceCommitProtocol.commitJob(HadoopMapReduceCommitProtocol.scala:192)

	at org.apache.spark.sql.execution.datasources.FileFormatWriter$.$anonfun$writeAndCommit$3(FileFormatWriter.scala:275)

	at scala.runtime.java8.JFunction0$mcV$sp.apply(JFunction0$mcV$sp.java:23)

	at org.apache.spark.util.Utils$.timeTakenMs(Utils.scala:552)

	at org.apache.spark.sql.execution.datasources.FileFormatWriter$.writeAndCommit(FileFormatWriter.scala:275)

	at org.apache.spark.sql.execution.datasources.FileFormatWriter$.executeWrite(FileFormatWriter.scala:304)

	at org.apache.spark.sql.execution.datasources.FileFormatWriter$.write(FileFormatWriter.scala:190)

	at org.apache.spark.sql.execution.datasources.InsertIntoHadoopFsRelationCommand.run(InsertIntoHadoopFsRelationCommand.scala:190)

	at org.apache.spark.sql.execution.command.DataWritingCommandExec.sideEffectResult$lzycompute(commands.scala:113)

	at org.apache.spark.sql.execution.command.DataWritingCommandExec.sideEffectResult(commands.scala:111)

	at org.apache.spark.sql.execution.command.DataWritingCommandExec.executeCollect(commands.scala:125)

	at org.apache.spark.sql.execution.adaptive.AdaptiveSparkPlanExec.$anonfun$executeCollect$1(AdaptiveSparkPlanExec.scala:374)

	at org.apache.spark.sql.execution.adaptive.AdaptiveSparkPlanExec.withFinalPlanUpdate(AdaptiveSparkPlanExec.scala:402)

	at org.apache.spark.sql.execution.adaptive.AdaptiveSparkPlanExec.executeCollect(AdaptiveSparkPlanExec.scala:374)

	at org.apache.spark.sql.execution.QueryExecution$$anonfun$eagerlyExecuteCommands$1.$anonfun$applyOrElse$1(QueryExecution.scala:107)

	at org.apache.spark.sql.execution.SQLExecution$.$anonfun$withNewExecutionId$6(SQLExecution.scala:125)

	at org.apache.spark.sql.execution.SQLExecution$.withSQLConfPropagated(SQLExecution.scala:201)

	at org.apache.spark.sql.execution.SQLExecution$.$anonfun$withNewExecutionId$1(SQLExecution.scala:108)

	at org.apache.spark.sql.SparkSession.withActive(SparkSession.scala:900)

	at org.apache.spark.sql.execution.SQLExecution$.withNewExecutionId(SQLExecution.scala:66)

	at org.apache.spark.sql.execution.QueryExecution$$anonfun$eagerlyExecuteCommands$1.applyOrElse(QueryExecution.scala:107)

	at org.apache.spark.sql.execution.QueryExecution$$anonfun$eagerlyExecuteCommands$1.applyOrElse(QueryExecution.scala:98)

	at org.apache.spark.sql.catalyst.trees.TreeNode.$anonfun$transformDownWithPruning$1(TreeNode.scala:461)

	at org.apache.spark.sql.catalyst.trees.CurrentOrigin$.withOrigin(origin.scala:76)

	at org.apache.spark.sql.catalyst.trees.TreeNode.transformDownWithPruning(TreeNode.scala:461)

	at org.apache.spark.sql.catalyst.plans.logical.LogicalPlan.org$apache$spark$sql$catalyst$plans$logical$AnalysisHelper$$super$transformDownWithPruning(LogicalPlan.scala:32)

	at org.apache.spark.sql.catalyst.plans.logical.AnalysisHelper.transformDownWithPruning(AnalysisHelper.scala:267)

	at org.apache.spark.sql.catalyst.plans.logical.AnalysisHelper.transformDownWithPruning$(AnalysisHelper.scala:263)

	at org.apache.spark.sql.catalyst.plans.logical.LogicalPlan.transformDownWithPruning(LogicalPlan.scala:32)

	at org.apache.spark.sql.catalyst.plans.logical.LogicalPlan.transformDownWithPruning(LogicalPlan.scala:32)

	at org.apache.spark.sql.catalyst.trees.TreeNode.transformDown(TreeNode.scala:437)

	at org.apache.spark.sql.execution.QueryExecution.eagerlyExecuteCommands(QueryExecution.scala:98)

	at org.apache.spark.sql.execution.QueryExecution.commandExecuted$lzycompute(QueryExecution.scala:85)

	at org.apache.spark.sql.execution.QueryExecution.commandExecuted(QueryExecution.scala:83)

	at org.apache.spark.sql.execution.QueryExecution.assertCommandExecuted(QueryExecution.scala:142)

	at org.apache.spark.sql.DataFrameWriter.runCommand(DataFrameWriter.scala:859)

	at org.apache.spark.sql.DataFrameWriter.saveToV1Source(DataFrameWriter.scala:388)

	at org.apache.spark.sql.DataFrameWriter.saveInternal(DataFrameWriter.scala:361)

	at org.apache.spark.sql.DataFrameWriter.save(DataFrameWriter.scala:240)

	at org.apache.spark.sql.DataFrameWriter.parquet(DataFrameWriter.scala:792)

	at java.base/jdk.internal.reflect.NativeMethodAccessorImpl.invoke0(Native Method)

	at java.base/jdk.internal.reflect.NativeMethodAccessorImpl.invoke(NativeMethodAccessorImpl.java:77)

	at java.base/jdk.internal.reflect.DelegatingMethodAccessorImpl.invoke(DelegatingMethodAccessorImpl.java:43)

	at java.base/java.lang.reflect.Method.invoke(Method.java:568)

	at py4j.reflection.MethodInvoker.invoke(MethodInvoker.java:244)

	at py4j.reflection.ReflectionEngine.invoke(ReflectionEngine.java:374)

	at py4j.Gateway.invoke(Gateway.java:282)

	at py4j.commands.AbstractCommand.invokeMethod(AbstractCommand.java:132)

	at py4j.commands.CallCommand.execute(CallCommand.java:79)

	at py4j.ClientServerConnection.waitForCommands(ClientServerConnection.java:182)

	at py4j.ClientServerConnection.run(ClientServerConnection.java:106)

	at java.base/java.lang.Thread.run(Thread.java:842)


ERROR    src.analytics.metrics_aggregator:metrics_aggregator.py:292 Failed to export language metrics: An error occurred while calling o214.parquet.
: java.lang.UnsatisfiedLinkError: 'boolean org.apache.hadoop.io.nativeio.NativeIO$Windows.access0(java.lang.String, int)'

	at org.apache.hadoop.io.nativeio.NativeIO$Windows.access0(Native Method)

	at org.apache.hadoop.io.nativeio.NativeIO$Windows.access(NativeIO.java:793)

	at org.apache.hadoop.fs.FileUtil.canRead(FileUtil.java:1249)

	at org.apache.hadoop.fs.FileUtil.list(FileUtil.java:1454)

	at org.apache.hadoop.fs.RawLocalFileSystem.listStatus(RawLocalFileSystem.java:601)

	at org.apache.hadoop.fs.FileSystem.listStatus(FileSystem.java:1972)

	at org.apache.hadoop.fs.FileSystem.listStatus(FileSystem.java:2014)

	at org.apache.hadoop.fs.ChecksumFileSystem.listStatus(ChecksumFileSystem.java:761)

	at org.apache.hadoop.fs.FileSystem.listStatus(FileSystem.java:1972)

	at org.apache.hadoop.fs.FileSystem.listStatus(FileSystem.java:2014)

	at org.apache.hadoop.mapreduce.lib.output.FileOutputCommitter.getAllCommittedTaskPaths(FileOutputCommitter.java:334)

	at org.apache.hadoop.mapreduce.lib.output.FileOutputCommitter.commitJobInternal(FileOutputCommitter.java:404)

	at org.apache.hadoop.mapreduce.lib.output.FileOutputCommitter.commitJob(FileOutputCommitter.java:377)

	at org.apache.parquet.hadoop.ParquetOutputCommitter.commitJob(ParquetOutputCommitter.java:48)

	at org.apache.spark.internal.io.HadoopMapReduceCommitProtocol.commitJob(HadoopMapReduceCommitProtocol.scala:192)

	at org.apache.spark.sql.execution.datasources.FileFormatWriter$.$anonfun$writeAndCommit$3(FileFormatWriter.scala:275)

	at scala.runtime.java8.JFunction0$mcV$sp.apply(JFunction0$mcV$sp.java:23)

	at org.apache.spark.util.Utils$.timeTakenMs(Utils.scala:552)

	at org.apache.spark.sql.execution.datasources.FileFormatWriter$.writeAndCommit(FileFormatWriter.scala:275)

	at org.apache.spark.sql.execution.datasources.FileFormatWriter$.executeWrite(FileFormatWriter.scala:304)

	at org.apache.spark.sql.execution.datasources.FileFormatWriter$.write(FileFormatWriter.scala:190)

	at org.apache.spark.sql.execution.datasources.InsertIntoHadoopFsRelationCommand.run(InsertIntoHadoopFsRelationCommand.scala:190)

	at org.apache.spark.sql.execution.command.DataWritingCommandExec.sideEffectResult$lzycompute(commands.scala:113)

	at org.apache.spark.sql.execution.command.DataWritingCommandExec.sideEffectResult(commands.scala:111)

	at org.apache.spark.sql.execution.command.DataWritingCommandExec.executeCollect(commands.scala:125)

	at org.apache.spark.sql.execution.adaptive.AdaptiveSparkPlanExec.$anonfun$executeCollect$1(AdaptiveSparkPlanExec.scala:374)

	at org.apache.spark.sql.execution.adaptive.AdaptiveSparkPlanExec.withFinalPlanUpdate(AdaptiveSparkPlanExec.scala:402)

	at org.apache.spark.sql.execution.adaptive.AdaptiveSparkPlanExec.executeCollect(AdaptiveSparkPlanExec.scala:374)

	at org.apache.spark.sql.execution.QueryExecution$$anonfun$eagerlyExecuteCommands$1.$anonfun$applyOrElse$1(QueryExecution.scala:107)

	at org.apache.spark.sql.execution.SQLExecution$.$anonfun$withNewExecutionId$6(SQLExecution.scala:125)

	at org.apache.spark.sql.execution.SQLExecution$.withSQLConfPropagated(SQLExecution.scala:201)

	at org.apache.spark.sql.execution.SQLExecution$.$anonfun$withNewExecutionId$1(SQLExecution.scala:108)

	at org.apache.spark.sql.SparkSession.withActive(SparkSession.scala:900)

	at org.apache.spark.sql.execution.SQLExecution$.withNewExecutionId(SQLExecution.scala:66)

	at org.apache.spark.sql.execution.QueryExecution$$anonfun$eagerlyExecuteCommands$1.applyOrElse(QueryExecution.scala:107)

	at org.apache.spark.sql.execution.QueryExecution$$anonfun$eagerlyExecuteCommands$1.applyOrElse(QueryExecution.scala:98)

	at org.apache.spark.sql.catalyst.trees.TreeNode.$anonfun$transformDownWithPruning$1(TreeNode.scala:461)

	at org.apache.spark.sql.catalyst.trees.CurrentOrigin$.withOrigin(origin.scala:76)

	at org.apache.spark.sql.catalyst.trees.TreeNode.transformDownWithPruning(TreeNode.scala:461)

	at org.apache.spark.sql.catalyst.plans.logical.LogicalPlan.org$apache$spark$sql$catalyst$plans$logical$AnalysisHelper$$super$transformDownWithPruning(LogicalPlan.scala:32)

	at org.apache.spark.sql.catalyst.plans.logical.AnalysisHelper.transformDownWithPruning(AnalysisHelper.scala:267)

	at org.apache.spark.sql.catalyst.plans.logical.AnalysisHelper.transformDownWithPruning$(AnalysisHelper.scala:263)

	at org.apache.spark.sql.catalyst.plans.logical.LogicalPlan.transformDownWithPruning(LogicalPlan.scala:32)

	at org.apache.spark.sql.catalyst.plans.logical.LogicalPlan.transformDownWithPruning(LogicalPlan.scala:32)

	at org.apache.spark.sql.catalyst.trees.TreeNode.transformDown(TreeNode.scala:437)

	at org.apache.spark.sql.execution.QueryExecution.eagerlyExecuteCommands(QueryExecution.scala:98)

	at org.apache.spark.sql.execution.QueryExecution.commandExecuted$lzycompute(QueryExecution.scala:85)

	at org.apache.spark.sql.execution.QueryExecution.commandExecuted(QueryExecution.scala:83)

	at org.apache.spark.sql.execution.QueryExecution.assertCommandExecuted(QueryExecution.scala:142)

	at org.apache.spark.sql.DataFrameWriter.runCommand(DataFrameWriter.scala:859)

	at org.apache.spark.sql.DataFrameWriter.saveToV1Source(DataFrameWriter.scala:388)

	at org.apache.spark.sql.DataFrameWriter.saveInternal(DataFrameWriter.scala:361)

	at org.apache.spark.sql.DataFrameWriter.save(DataFrameWriter.scala:240)

	at org.apache.spark.sql.DataFrameWriter.parquet(DataFrameWriter.scala:792)

	at java.base/jdk.internal.reflect.NativeMethodAccessorImpl.invoke0(Native Method)

	at java.base/jdk.internal.reflect.NativeMethodAccessorImpl.invoke(NativeMethodAccessorImpl.java:77)

	at java.base/jdk.internal.reflect.DelegatingMethodAccessorImpl.invoke(DelegatingMethodAccessorImpl.java:43)

	at java.base/java.lang.reflect.Method.invoke(Method.java:568)

	at py4j.reflection.MethodInvoker.invoke(MethodInvoker.java:244)

	at py4j.reflection.ReflectionEngine.invoke(ReflectionEngine.java:374)

	at py4j.Gateway.invoke(Gateway.java:282)

	at py4j.commands.AbstractCommand.invokeMethod(AbstractCommand.java:132)

	at py4j.commands.CallCommand.execute(CallCommand.java:79)

	at py4j.ClientServerConnection.waitForCommands(ClientServerConnection.java:182)

	at py4j.ClientServerConnection.run(ClientServerConnection.java:106)

	at java.base/java.lang.Thread.run(Thread.java:842)


ERROR    src.analytics.metrics_aggregator:metrics_aggregator.py:292 Failed to export production_company metrics: An error occurred while calling o256.parquet.
: java.lang.UnsatisfiedLinkError: 'boolean org.apache.hadoop.io.nativeio.NativeIO$Windows.access0(java.lang.String, int)'

	at org.apache.hadoop.io.nativeio.NativeIO$Windows.access0(Native Method)

	at org.apache.hadoop.io.nativeio.NativeIO$Windows.access(NativeIO.java:793)

	at org.apache.hadoop.fs.FileUtil.canRead(FileUtil.java:1249)

	at org.apache.hadoop.fs.FileUtil.list(FileUtil.java:1454)

	at org.apache.hadoop.fs.RawLocalFileSystem.listStatus(RawLocalFileSystem.java:601)

	at org.apache.hadoop.fs.FileSystem.listStatus(FileSystem.java:1972)

	at org.apache.hadoop.fs.FileSystem.listStatus(FileSystem.java:2014)

	at org.apache.hadoop.fs.ChecksumFileSystem.listStatus(ChecksumFileSystem.java:761)

	at org.apache.hadoop.fs.FileSystem.listStatus(FileSystem.java:1972)

	at org.apache.hadoop.fs.FileSystem.listStatus(FileSystem.java:2014)

	at org.apache.hadoop.mapreduce.lib.output.FileOutputCommitter.getAllCommittedTaskPaths(FileOutputCommitter.java:334)

	at org.apache.hadoop.mapreduce.lib.output.FileOutputCommitter.commitJobInternal(FileOutputCommitter.java:404)

	at org.apache.hadoop.mapreduce.lib.output.FileOutputCommitter.commitJob(FileOutputCommitter.java:377)

	at org.apache.parquet.hadoop.ParquetOutputCommitter.commitJob(ParquetOutputCommitter.java:48)

	at org.apache.spark.internal.io.HadoopMapReduceCommitProtocol.commitJob(HadoopMapReduceCommitProtocol.scala:192)

	at org.apache.spark.sql.execution.datasources.FileFormatWriter$.$anonfun$writeAndCommit$3(FileFormatWriter.scala:275)

	at scala.runtime.java8.JFunction0$mcV$sp.apply(JFunction0$mcV$sp.java:23)

	at org.apache.spark.util.Utils$.timeTakenMs(Utils.scala:552)

	at org.apache.spark.sql.execution.datasources.FileFormatWriter$.writeAndCommit(FileFormatWriter.scala:275)

	at org.apache.spark.sql.execution.datasources.FileFormatWriter$.executeWrite(FileFormatWriter.scala:304)

	at org.apache.spark.sql.execution.datasources.FileFormatWriter$.write(FileFormatWriter.scala:190)

	at org.apache.spark.sql.execution.datasources.InsertIntoHadoopFsRelationCommand.run(InsertIntoHadoopFsRelationCommand.scala:190)

	at org.apache.spark.sql.execution.command.DataWritingCommandExec.sideEffectResult$lzycompute(commands.scala:113)

	at org.apache.spark.sql.execution.command.DataWritingCommandExec.sideEffectResult(commands.scala:111)

	at org.apache.spark.sql.execution.command.DataWritingCommandExec.executeCollect(commands.scala:125)

	at org.apache.spark.sql.execution.adaptive.AdaptiveSparkPlanExec.$anonfun$executeCollect$1(AdaptiveSparkPlanExec.scala:374)

	at org.apache.spark.sql.execution.adaptive.AdaptiveSparkPlanExec.withFinalPlanUpdate(AdaptiveSparkPlanExec.scala:402)

	at org.apache.spark.sql.execution.adaptive.AdaptiveSparkPlanExec.executeCollect(AdaptiveSparkPlanExec.scala:374)

	at org.apache.spark.sql.execution.QueryExecution$$anonfun$eagerlyExecuteCommands$1.$anonfun$applyOrElse$1(QueryExecution.scala:107)

	at org.apache.spark.sql.execution.SQLExecution$.$anonfun$withNewExecutionId$6(SQLExecution.scala:125)

	at org.apache.spark.sql.execution.SQLExecution$.withSQLConfPropagated(SQLExecution.scala:201)

	at org.apache.spark.sql.execution.SQLExecution$.$anonfun$withNewExecutionId$1(SQLExecution.scala:108)

	at org.apache.spark.sql.SparkSession.withActive(SparkSession.scala:900)

	at org.apache.spark.sql.execution.SQLExecution$.withNewExecutionId(SQLExecution.scala:66)

	at org.apache.spark.sql.execution.QueryExecution$$anonfun$eagerlyExecuteCommands$1.applyOrElse(QueryExecution.scala:107)

	at org.apache.spark.sql.execution.QueryExecution$$anonfun$eagerlyExecuteCommands$1.applyOrElse(QueryExecution.scala:98)

	at org.apache.spark.sql.catalyst.trees.TreeNode.$anonfun$transformDownWithPruning$1(TreeNode.scala:461)

	at org.apache.spark.sql.catalyst.trees.CurrentOrigin$.withOrigin(origin.scala:76)

	at org.apache.spark.sql.catalyst.trees.TreeNode.transformDownWithPruning(TreeNode.scala:461)

	at org.apache.spark.sql.catalyst.plans.logical.LogicalPlan.org$apache$spark$sql$catalyst$plans$logical$AnalysisHelper$$super$transformDownWithPruning(LogicalPlan.scala:32)

	at org.apache.spark.sql.catalyst.plans.logical.AnalysisHelper.transformDownWithPruning(AnalysisHelper.scala:267)

	at org.apache.spark.sql.catalyst.plans.logical.AnalysisHelper.transformDownWithPruning$(AnalysisHelper.scala:263)

	at org.apache.spark.sql.catalyst.plans.logical.LogicalPlan.transformDownWithPruning(LogicalPlan.scala:32)

	at org.apache.spark.sql.catalyst.plans.logical.LogicalPlan.transformDownWithPruning(LogicalPlan.scala:32)

	at org.apache.spark.sql.catalyst.trees.TreeNode.transformDown(TreeNode.scala:437)

	at org.apache.spark.sql.execution.QueryExecution.eagerlyExecuteCommands(QueryExecution.scala:98)

	at org.apache.spark.sql.execution.QueryExecution.commandExecuted$lzycompute(QueryExecution.scala:85)

	at org.apache.spark.sql.execution.QueryExecution.commandExecuted(QueryExecution.scala:83)

	at org.apache.spark.sql.execution.QueryExecution.assertCommandExecuted(QueryExecution.scala:142)

	at org.apache.spark.sql.DataFrameWriter.runCommand(DataFrameWriter.scala:859)

	at org.apache.spark.sql.DataFrameWriter.saveToV1Source(DataFrameWriter.scala:388)

	at org.apache.spark.sql.DataFrameWriter.saveInternal(DataFrameWriter.scala:361)

	at org.apache.spark.sql.DataFrameWriter.save(DataFrameWriter.scala:240)

	at org.apache.spark.sql.DataFrameWriter.parquet(DataFrameWriter.scala:792)

	at java.base/jdk.internal.reflect.NativeMethodAccessorImpl.invoke0(Native Method)

	at java.base/jdk.internal.reflect.NativeMethodAccessorImpl.invoke(NativeMethodAccessorImpl.java:77)

	at java.base/jdk.internal.reflect.DelegatingMethodAccessorImpl.invoke(DelegatingMethodAccessorImpl.java:43)

	at java.base/java.lang.reflect.Method.invoke(Method.java:568)

	at py4j.reflection.MethodInvoker.invoke(MethodInvoker.java:244)

	at py4j.reflection.ReflectionEngine.invoke(ReflectionEngine.java:374)

	at py4j.Gateway.invoke(Gateway.java:282)

	at py4j.commands.AbstractCommand.invokeMethod(AbstractCommand.java:132)

	at py4j.commands.CallCommand.execute(CallCommand.java:79)

	at py4j.ClientServerConnection.waitForCommands(ClientServerConnection.java:182)

	at py4j.ClientServerConnection.run(ClientServerConnection.java:106)

	at java.base/java.lang.Thread.run(Thread.java:842)


ERROR    src.analytics.metrics_aggregator:metrics_aggregator.py:292 Failed to export director metrics: An error occurred while calling o294.parquet.
: java.lang.UnsatisfiedLinkError: 'boolean org.apache.hadoop.io.nativeio.NativeIO$Windows.access0(java.lang.String, int)'

	at org.apache.hadoop.io.nativeio.NativeIO$Windows.access0(Native Method)

	at org.apache.hadoop.io.nativeio.NativeIO$Windows.access(NativeIO.java:793)

	at org.apache.hadoop.fs.FileUtil.canRead(FileUtil.java:1249)

	at org.apache.hadoop.fs.FileUtil.list(FileUtil.java:1454)

	at org.apache.hadoop.fs.RawLocalFileSystem.listStatus(RawLocalFileSystem.java:601)

	at org.apache.hadoop.fs.FileSystem.listStatus(FileSystem.java:1972)

	at org.apache.hadoop.fs.FileSystem.listStatus(FileSystem.java:2014)

	at org.apache.hadoop.fs.ChecksumFileSystem.listStatus(ChecksumFileSystem.java:761)

	at org.apache.hadoop.fs.FileSystem.listStatus(FileSystem.java:1972)

	at org.apache.hadoop.fs.FileSystem.listStatus(FileSystem.java:2014)

	at org.apache.hadoop.mapreduce.lib.output.FileOutputCommitter.getAllCommittedTaskPaths(FileOutputCommitter.java:334)

	at org.apache.hadoop.mapreduce.lib.output.FileOutputCommitter.commitJobInternal(FileOutputCommitter.java:404)

	at org.apache.hadoop.mapreduce.lib.output.FileOutputCommitter.commitJob(FileOutputCommitter.java:377)

	at org.apache.parquet.hadoop.ParquetOutputCommitter.commitJob(ParquetOutputCommitter.java:48)

	at org.apache.spark.internal.io.HadoopMapReduceCommitProtocol.commitJob(HadoopMapReduceCommitProtocol.scala:192)

	at org.apache.spark.sql.execution.datasources.FileFormatWriter$.$anonfun$writeAndCommit$3(FileFormatWriter.scala:275)

	at scala.runtime.java8.JFunction0$mcV$sp.apply(JFunction0$mcV$sp.java:23)

	at org.apache.spark.util.Utils$.timeTakenMs(Utils.scala:552)

	at org.apache.spark.sql.execution.datasources.FileFormatWriter$.writeAndCommit(FileFormatWriter.scala:275)

	at org.apache.spark.sql.execution.datasources.FileFormatWriter$.executeWrite(FileFormatWriter.scala:304)

	at org.apache.spark.sql.execution.datasources.FileFormatWriter$.write(FileFormatWriter.scala:190)

	at org.apache.spark.sql.execution.datasources.InsertIntoHadoopFsRelationCommand.run(InsertIntoHadoopFsRelationCommand.scala:190)

	at org.apache.spark.sql.execution.command.DataWritingCommandExec.sideEffectResult$lzycompute(commands.scala:113)

	at org.apache.spark.sql.execution.command.DataWritingCommandExec.sideEffectResult(commands.scala:111)

	at org.apache.spark.sql.execution.command.DataWritingCommandExec.executeCollect(commands.scala:125)

	at org.apache.spark.sql.execution.adaptive.AdaptiveSparkPlanExec.$anonfun$executeCollect$1(AdaptiveSparkPlanExec.scala:374)

	at org.apache.spark.sql.execution.adaptive.AdaptiveSparkPlanExec.withFinalPlanUpdate(AdaptiveSparkPlanExec.scala:402)

	at org.apache.spark.sql.execution.adaptive.AdaptiveSparkPlanExec.executeCollect(AdaptiveSparkPlanExec.scala:374)

	at org.apache.spark.sql.execution.QueryExecution$$anonfun$eagerlyExecuteCommands$1.$anonfun$applyOrElse$1(QueryExecution.scala:107)

	at org.apache.spark.sql.execution.SQLExecution$.$anonfun$withNewExecutionId$6(SQLExecution.scala:125)

	at org.apache.spark.sql.execution.SQLExecution$.withSQLConfPropagated(SQLExecution.scala:201)

	at org.apache.spark.sql.execution.SQLExecution$.$anonfun$withNewExecutionId$1(SQLExecution.scala:108)

	at org.apache.spark.sql.SparkSession.withActive(SparkSession.scala:900)

	at org.apache.spark.sql.execution.SQLExecution$.withNewExecutionId(SQLExecution.scala:66)

	at org.apache.spark.sql.execution.QueryExecution$$anonfun$eagerlyExecuteCommands$1.applyOrElse(QueryExecution.scala:107)

	at org.apache.spark.sql.execution.QueryExecution$$anonfun$eagerlyExecuteCommands$1.applyOrElse(QueryExecution.scala:98)

	at org.apache.spark.sql.catalyst.trees.TreeNode.$anonfun$transformDownWithPruning$1(TreeNode.scala:461)

	at org.apache.spark.sql.catalyst.trees.CurrentOrigin$.withOrigin(origin.scala:76)

	at org.apache.spark.sql.catalyst.trees.TreeNode.transformDownWithPruning(TreeNode.scala:461)

	at org.apache.spark.sql.catalyst.plans.logical.LogicalPlan.org$apache$spark$sql$catalyst$plans$logical$AnalysisHelper$$super$transformDownWithPruning(LogicalPlan.scala:32)

	at org.apache.spark.sql.catalyst.plans.logical.AnalysisHelper.transformDownWithPruning(AnalysisHelper.scala:267)

	at org.apache.spark.sql.catalyst.plans.logical.AnalysisHelper.transformDownWithPruning$(AnalysisHelper.scala:263)

	at org.apache.spark.sql.catalyst.plans.logical.LogicalPlan.transformDownWithPruning(LogicalPlan.scala:32)

	at org.apache.spark.sql.catalyst.plans.logical.LogicalPlan.transformDownWithPruning(LogicalPlan.scala:32)

	at org.apache.spark.sql.catalyst.trees.TreeNode.transformDown(TreeNode.scala:437)

	at org.apache.spark.sql.execution.QueryExecution.eagerlyExecuteCommands(QueryExecution.scala:98)

	at org.apache.spark.sql.execution.QueryExecution.commandExecuted$lzycompute(QueryExecution.scala:85)

	at org.apache.spark.sql.execution.QueryExecution.commandExecuted(QueryExecution.scala:83)

	at org.apache.spark.sql.execution.QueryExecution.assertCommandExecuted(QueryExecution.scala:142)

	at org.apache.spark.sql.DataFrameWriter.runCommand(DataFrameWriter.scala:859)

	at org.apache.spark.sql.DataFrameWriter.saveToV1Source(DataFrameWriter.scala:388)

	at org.apache.spark.sql.DataFrameWriter.saveInternal(DataFrameWriter.scala:361)

	at org.apache.spark.sql.DataFrameWriter.save(DataFrameWriter.scala:240)

	at org.apache.spark.sql.DataFrameWriter.parquet(DataFrameWriter.scala:792)

	at java.base/jdk.internal.reflect.NativeMethodAccessorImpl.invoke0(Native Method)

	at java.base/jdk.internal.reflect.NativeMethodAccessorImpl.invoke(NativeMethodAccessorImpl.java:77)

	at java.base/jdk.internal.reflect.DelegatingMethodAccessorImpl.invoke(DelegatingMethodAccessorImpl.java:43)

	at java.base/java.lang.reflect.Method.invoke(Method.java:568)

	at py4j.reflection.MethodInvoker.invoke(MethodInvoker.java:244)

	at py4j.reflection.ReflectionEngine.invoke(ReflectionEngine.java:374)

	at py4j.Gateway.invoke(Gateway.java:282)

	at py4j.commands.AbstractCommand.invokeMethod(AbstractCommand.java:132)

	at py4j.commands.CallCommand.execute(CallCommand.java:79)

	at py4j.ClientServerConnection.waitForCommands(ClientServerConnection.java:182)

	at py4j.ClientServerConnection.run(ClientServerConnection.java:106)

	at java.base/java.lang.Thread.run(Thread.java:842)


ERROR    src.analytics.metrics_aggregator:metrics_aggregator.py:292 Failed to export franchise metrics: An error occurred while calling o347.parquet.
: java.lang.UnsatisfiedLinkError: 'boolean org.apache.hadoop.io.nativeio.NativeIO$Windows.access0(java.lang.String, int)'

	at org.apache.hadoop.io.nativeio.NativeIO$Windows.access0(Native Method)

	at org.apache.hadoop.io.nativeio.NativeIO$Windows.access(NativeIO.java:793)

	at org.apache.hadoop.fs.FileUtil.canRead(FileUtil.java:1249)

	at org.apache.hadoop.fs.FileUtil.list(FileUtil.java:1454)

	at org.apache.hadoop.fs.RawLocalFileSystem.listStatus(RawLocalFileSystem.java:601)

	at org.apache.hadoop.fs.FileSystem.listStatus(FileSystem.java:1972)

	at org.apache.hadoop.fs.FileSystem.listStatus(FileSystem.java:2014)

	at org.apache.hadoop.fs.ChecksumFileSystem.listStatus(ChecksumFileSystem.java:761)

	at org.apache.hadoop.fs.FileSystem.listStatus(FileSystem.java:1972)

	at org.apache.hadoop.fs.FileSystem.listStatus(FileSystem.java:2014)

	at org.apache.hadoop.mapreduce.lib.output.FileOutputCommitter.getAllCommittedTaskPaths(FileOutputCommitter.java:334)

	at org.apache.hadoop.mapreduce.lib.output.FileOutputCommitter.commitJobInternal(FileOutputCommitter.java:404)

	at org.apache.hadoop.mapreduce.lib.output.FileOutputCommitter.commitJob(FileOutputCommitter.java:377)

	at org.apache.parquet.hadoop.ParquetOutputCommitter.commitJob(ParquetOutputCommitter.java:48)

	at org.apache.spark.internal.io.HadoopMapReduceCommitProtocol.commitJob(HadoopMapReduceCommitProtocol.scala:192)

	at org.apache.spark.sql.execution.datasources.FileFormatWriter$.$anonfun$writeAndCommit$3(FileFormatWriter.scala:275)

	at scala.runtime.java8.JFunction0$mcV$sp.apply(JFunction0$mcV$sp.java:23)

	at org.apache.spark.util.Utils$.timeTakenMs(Utils.scala:552)

	at org.apache.spark.sql.execution.datasources.FileFormatWriter$.writeAndCommit(FileFormatWriter.scala:275)

	at org.apache.spark.sql.execution.datasources.FileFormatWriter$.executeWrite(FileFormatWriter.scala:304)

	at org.apache.spark.sql.execution.datasources.FileFormatWriter$.write(FileFormatWriter.scala:190)

	at org.apache.spark.sql.execution.datasources.InsertIntoHadoopFsRelationCommand.run(InsertIntoHadoopFsRelationCommand.scala:190)

	at org.apache.spark.sql.execution.command.DataWritingCommandExec.sideEffectResult$lzycompute(commands.scala:113)

	at org.apache.spark.sql.execution.command.DataWritingCommandExec.sideEffectResult(commands.scala:111)

	at org.apache.spark.sql.execution.command.DataWritingCommandExec.executeCollect(commands.scala:125)

	at org.apache.spark.sql.execution.adaptive.AdaptiveSparkPlanExec.$anonfun$executeCollect$1(AdaptiveSparkPlanExec.scala:374)

	at org.apache.spark.sql.execution.adaptive.AdaptiveSparkPlanExec.withFinalPlanUpdate(AdaptiveSparkPlanExec.scala:402)

	at org.apache.spark.sql.execution.adaptive.AdaptiveSparkPlanExec.executeCollect(AdaptiveSparkPlanExec.scala:374)

	at org.apache.spark.sql.execution.QueryExecution$$anonfun$eagerlyExecuteCommands$1.$anonfun$applyOrElse$1(QueryExecution.scala:107)

	at org.apache.spark.sql.execution.SQLExecution$.$anonfun$withNewExecutionId$6(SQLExecution.scala:125)

	at org.apache.spark.sql.execution.SQLExecution$.withSQLConfPropagated(SQLExecution.scala:201)

	at org.apache.spark.sql.execution.SQLExecution$.$anonfun$withNewExecutionId$1(SQLExecution.scala:108)

	at org.apache.spark.sql.SparkSession.withActive(SparkSession.scala:900)

	at org.apache.spark.sql.execution.SQLExecution$.withNewExecutionId(SQLExecution.scala:66)

	at org.apache.spark.sql.execution.QueryExecution$$anonfun$eagerlyExecuteCommands$1.applyOrElse(QueryExecution.scala:107)

	at org.apache.spark.sql.execution.QueryExecution$$anonfun$eagerlyExecuteCommands$1.applyOrElse(QueryExecution.scala:98)

	at org.apache.spark.sql.catalyst.trees.TreeNode.$anonfun$transformDownWithPruning$1(TreeNode.scala:461)

	at org.apache.spark.sql.catalyst.trees.CurrentOrigin$.withOrigin(origin.scala:76)

	at org.apache.spark.sql.catalyst.trees.TreeNode.transformDownWithPruning(TreeNode.scala:461)

	at org.apache.spark.sql.catalyst.plans.logical.LogicalPlan.org$apache$spark$sql$catalyst$plans$logical$AnalysisHelper$$super$transformDownWithPruning(LogicalPlan.scala:32)

	at org.apache.spark.sql.catalyst.plans.logical.AnalysisHelper.transformDownWithPruning(AnalysisHelper.scala:267)

	at org.apache.spark.sql.catalyst.plans.logical.AnalysisHelper.transformDownWithPruning$(AnalysisHelper.scala:263)

	at org.apache.spark.sql.catalyst.plans.logical.LogicalPlan.transformDownWithPruning(LogicalPlan.scala:32)

	at org.apache.spark.sql.catalyst.plans.logical.LogicalPlan.transformDownWithPruning(LogicalPlan.scala:32)

	at org.apache.spark.sql.catalyst.trees.TreeNode.transformDown(TreeNode.scala:437)

	at org.apache.spark.sql.execution.QueryExecution.eagerlyExecuteCommands(QueryExecution.scala:98)

	at org.apache.spark.sql.execution.QueryExecution.commandExecuted$lzycompute(QueryExecution.scala:85)

	at org.apache.spark.sql.execution.QueryExecution.commandExecuted(QueryExecution.scala:83)

	at org.apache.spark.sql.execution.QueryExecution.assertCommandExecuted(QueryExecution.scala:142)

	at org.apache.spark.sql.DataFrameWriter.runCommand(DataFrameWriter.scala:859)

	at org.apache.spark.sql.DataFrameWriter.saveToV1Source(DataFrameWriter.scala:388)

	at org.apache.spark.sql.DataFrameWriter.saveInternal(DataFrameWriter.scala:361)

	at org.apache.spark.sql.DataFrameWriter.save(DataFrameWriter.scala:240)

	at org.apache.spark.sql.DataFrameWriter.parquet(DataFrameWriter.scala:792)

	at java.base/jdk.internal.reflect.NativeMethodAccessorImpl.invoke0(Native Method)

	at java.base/jdk.internal.reflect.NativeMethodAccessorImpl.invoke(NativeMethodAccessorImpl.java:77)

	at java.base/jdk.internal.reflect.DelegatingMethodAccessorImpl.invoke(DelegatingMethodAccessorImpl.java:43)

	at java.base/java.lang.reflect.Method.invoke(Method.java:568)

	at py4j.reflection.MethodInvoker.invoke(MethodInvoker.java:244)

	at py4j.reflection.ReflectionEngine.invoke(ReflectionEngine.java:374)

	at py4j.Gateway.invoke(Gateway.java:282)

	at py4j.commands.AbstractCommand.invokeMethod(AbstractCommand.java:132)

	at py4j.commands.CallCommand.execute(CallCommand.java:79)

	at py4j.ClientServerConnection.waitForCommands(ClientServerConnection.java:182)

	at py4j.ClientServerConnection.run(ClientServerConnection.java:106)

	at java.base/java.lang.Thread.run(Thread.java:842)


ERROR    src.analytics.metrics_aggregator:metrics_aggregator.py:292 Failed to export budget_tier metrics: An error occurred while calling o395.parquet.
: java.lang.UnsatisfiedLinkError: 'boolean org.apache.hadoop.io.nativeio.NativeIO$Windows.access0(java.lang.String, int)'

	at org.apache.hadoop.io.nativeio.NativeIO$Windows.access0(Native Method)

	at org.apache.hadoop.io.nativeio.NativeIO$Windows.access(NativeIO.java:793)

	at org.apache.hadoop.fs.FileUtil.canRead(FileUtil.java:1249)

	at org.apache.hadoop.fs.FileUtil.list(FileUtil.java:1454)

	at org.apache.hadoop.fs.RawLocalFileSystem.listStatus(RawLocalFileSystem.java:601)

	at org.apache.hadoop.fs.FileSystem.listStatus(FileSystem.java:1972)

	at org.apache.hadoop.fs.FileSystem.listStatus(FileSystem.java:2014)

	at org.apache.hadoop.fs.ChecksumFileSystem.listStatus(ChecksumFileSystem.java:761)

	at org.apache.hadoop.fs.FileSystem.listStatus(FileSystem.java:1972)

	at org.apache.hadoop.fs.FileSystem.listStatus(FileSystem.java:2014)

	at org.apache.hadoop.mapreduce.lib.output.FileOutputCommitter.getAllCommittedTaskPaths(FileOutputCommitter.java:334)

	at org.apache.hadoop.mapreduce.lib.output.FileOutputCommitter.commitJobInternal(FileOutputCommitter.java:404)

	at org.apache.hadoop.mapreduce.lib.output.FileOutputCommitter.commitJob(FileOutputCommitter.java:377)

	at org.apache.parquet.hadoop.ParquetOutputCommitter.commitJob(ParquetOutputCommitter.java:48)

	at org.apache.spark.internal.io.HadoopMapReduceCommitProtocol.commitJob(HadoopMapReduceCommitProtocol.scala:192)

	at org.apache.spark.sql.execution.datasources.FileFormatWriter$.$anonfun$writeAndCommit$3(FileFormatWriter.scala:275)

	at scala.runtime.java8.JFunction0$mcV$sp.apply(JFunction0$mcV$sp.java:23)

	at org.apache.spark.util.Utils$.timeTakenMs(Utils.scala:552)

	at org.apache.spark.sql.execution.datasources.FileFormatWriter$.writeAndCommit(FileFormatWriter.scala:275)

	at org.apache.spark.sql.execution.datasources.FileFormatWriter$.executeWrite(FileFormatWriter.scala:304)

	at org.apache.spark.sql.execution.datasources.FileFormatWriter$.write(FileFormatWriter.scala:190)

	at org.apache.spark.sql.execution.datasources.InsertIntoHadoopFsRelationCommand.run(InsertIntoHadoopFsRelationCommand.scala:190)

	at org.apache.spark.sql.execution.command.DataWritingCommandExec.sideEffectResult$lzycompute(commands.scala:113)

	at org.apache.spark.sql.execution.command.DataWritingCommandExec.sideEffectResult(commands.scala:111)

	at org.apache.spark.sql.execution.command.DataWritingCommandExec.executeCollect(commands.scala:125)

	at org.apache.spark.sql.execution.adaptive.AdaptiveSparkPlanExec.$anonfun$executeCollect$1(AdaptiveSparkPlanExec.scala:374)

	at org.apache.spark.sql.execution.adaptive.AdaptiveSparkPlanExec.withFinalPlanUpdate(AdaptiveSparkPlanExec.scala:402)

	at org.apache.spark.sql.execution.adaptive.AdaptiveSparkPlanExec.executeCollect(AdaptiveSparkPlanExec.scala:374)

	at org.apache.spark.sql.execution.QueryExecution$$anonfun$eagerlyExecuteCommands$1.$anonfun$applyOrElse$1(QueryExecution.scala:107)

	at org.apache.spark.sql.execution.SQLExecution$.$anonfun$withNewExecutionId$6(SQLExecution.scala:125)

	at org.apache.spark.sql.execution.SQLExecution$.withSQLConfPropagated(SQLExecution.scala:201)

	at org.apache.spark.sql.execution.SQLExecution$.$anonfun$withNewExecutionId$1(SQLExecution.scala:108)

	at org.apache.spark.sql.SparkSession.withActive(SparkSession.scala:900)

	at org.apache.spark.sql.execution.SQLExecution$.withNewExecutionId(SQLExecution.scala:66)

	at org.apache.spark.sql.execution.QueryExecution$$anonfun$eagerlyExecuteCommands$1.applyOrElse(QueryExecution.scala:107)

	at org.apache.spark.sql.execution.QueryExecution$$anonfun$eagerlyExecuteCommands$1.applyOrElse(QueryExecution.scala:98)

	at org.apache.spark.sql.catalyst.trees.TreeNode.$anonfun$transformDownWithPruning$1(TreeNode.scala:461)

	at org.apache.spark.sql.catalyst.trees.CurrentOrigin$.withOrigin(origin.scala:76)

	at org.apache.spark.sql.catalyst.trees.TreeNode.transformDownWithPruning(TreeNode.scala:461)

	at org.apache.spark.sql.catalyst.plans.logical.LogicalPlan.org$apache$spark$sql$catalyst$plans$logical$AnalysisHelper$$super$transformDownWithPruning(LogicalPlan.scala:32)

	at org.apache.spark.sql.catalyst.plans.logical.AnalysisHelper.transformDownWithPruning(AnalysisHelper.scala:267)

	at org.apache.spark.sql.catalyst.plans.logical.AnalysisHelper.transformDownWithPruning$(AnalysisHelper.scala:263)

	at org.apache.spark.sql.catalyst.plans.logical.LogicalPlan.transformDownWithPruning(LogicalPlan.scala:32)

	at org.apache.spark.sql.catalyst.plans.logical.LogicalPlan.transformDownWithPruning(LogicalPlan.scala:32)

	at org.apache.spark.sql.catalyst.trees.TreeNode.transformDown(TreeNode.scala:437)

	at org.apache.spark.sql.execution.QueryExecution.eagerlyExecuteCommands(QueryExecution.scala:98)

	at org.apache.spark.sql.execution.QueryExecution.commandExecuted$lzycompute(QueryExecution.scala:85)

	at org.apache.spark.sql.execution.QueryExecution.commandExecuted(QueryExecution.scala:83)

	at org.apache.spark.sql.execution.QueryExecution.assertCommandExecuted(QueryExecution.scala:142)

	at org.apache.spark.sql.DataFrameWriter.runCommand(DataFrameWriter.scala:859)

	at org.apache.spark.sql.DataFrameWriter.saveToV1Source(DataFrameWriter.scala:388)

	at org.apache.spark.sql.DataFrameWriter.saveInternal(DataFrameWriter.scala:361)

	at org.apache.spark.sql.DataFrameWriter.save(DataFrameWriter.scala:240)

	at org.apache.spark.sql.DataFrameWriter.parquet(DataFrameWriter.scala:792)

	at java.base/jdk.internal.reflect.NativeMethodAccessorImpl.invoke0(Native Method)

	at java.base/jdk.internal.reflect.NativeMethodAccessorImpl.invoke(NativeMethodAccessorImpl.java:77)

	at java.base/jdk.internal.reflect.DelegatingMethodAccessorImpl.invoke(DelegatingMethodAccessorImpl.java:43)

	at java.base/java.lang.reflect.Method.invoke(Method.java:568)

	at py4j.reflection.MethodInvoker.invoke(MethodInvoker.java:244)

	at py4j.reflection.ReflectionEngine.invoke(ReflectionEngine.java:374)

	at py4j.Gateway.invoke(Gateway.java:282)

	at py4j.commands.AbstractCommand.invokeMethod(AbstractCommand.java:132)

	at py4j.commands.CallCommand.execute(CallCommand.java:79)

	at py4j.ClientServerConnection.waitForCommands(ClientServerConnection.java:182)

	at py4j.ClientServerConnection.run(ClientServerConnection.java:106)

	at java.base/java.lang.Thread.run(Thread.java:842)


ERROR    src.analytics.metrics_aggregator:metrics_aggregator.py:292 Failed to export rating_tier metrics: An error occurred while calling o435.parquet.
: java.lang.UnsatisfiedLinkError: 'boolean org.apache.hadoop.io.nativeio.NativeIO$Windows.access0(java.lang.String, int)'

	at org.apache.hadoop.io.nativeio.NativeIO$Windows.access0(Native Method)

	at org.apache.hadoop.io.nativeio.NativeIO$Windows.access(NativeIO.java:793)

	at org.apache.hadoop.fs.FileUtil.canRead(FileUtil.java:1249)

	at org.apache.hadoop.fs.FileUtil.list(FileUtil.java:1454)

	at org.apache.hadoop.fs.RawLocalFileSystem.listStatus(RawLocalFileSystem.java:601)

	at org.apache.hadoop.fs.FileSystem.listStatus(FileSystem.java:1972)

	at org.apache.hadoop.fs.FileSystem.listStatus(FileSystem.java:2014)

	at org.apache.hadoop.fs.ChecksumFileSystem.listStatus(ChecksumFileSystem.java:761)

	at org.apache.hadoop.fs.FileSystem.listStatus(FileSystem.java:1972)

	at org.apache.hadoop.fs.FileSystem.listStatus(FileSystem.java:2014)

	at org.apache.hadoop.mapreduce.lib.output.FileOutputCommitter.getAllCommittedTaskPaths(FileOutputCommitter.java:334)

	at org.apache.hadoop.mapreduce.lib.output.FileOutputCommitter.commitJobInternal(FileOutputCommitter.java:404)

	at org.apache.hadoop.mapreduce.lib.output.FileOutputCommitter.commitJob(FileOutputCommitter.java:377)

	at org.apache.parquet.hadoop.ParquetOutputCommitter.commitJob(ParquetOutputCommitter.java:48)

	at org.apache.spark.internal.io.HadoopMapReduceCommitProtocol.commitJob(HadoopMapReduceCommitProtocol.scala:192)

	at org.apache.spark.sql.execution.datasources.FileFormatWriter$.$anonfun$writeAndCommit$3(FileFormatWriter.scala:275)

	at scala.runtime.java8.JFunction0$mcV$sp.apply(JFunction0$mcV$sp.java:23)

	at org.apache.spark.util.Utils$.timeTakenMs(Utils.scala:552)

	at org.apache.spark.sql.execution.datasources.FileFormatWriter$.writeAndCommit(FileFormatWriter.scala:275)

	at org.apache.spark.sql.execution.datasources.FileFormatWriter$.executeWrite(FileFormatWriter.scala:304)

	at org.apache.spark.sql.execution.datasources.FileFormatWriter$.write(FileFormatWriter.scala:190)

	at org.apache.spark.sql.execution.datasources.InsertIntoHadoopFsRelationCommand.run(InsertIntoHadoopFsRelationCommand.scala:190)

	at org.apache.spark.sql.execution.command.DataWritingCommandExec.sideEffectResult$lzycompute(commands.scala:113)

	at org.apache.spark.sql.execution.command.DataWritingCommandExec.sideEffectResult(commands.scala:111)

	at org.apache.spark.sql.execution.command.DataWritingCommandExec.executeCollect(commands.scala:125)

	at org.apache.spark.sql.execution.adaptive.AdaptiveSparkPlanExec.$anonfun$executeCollect$1(AdaptiveSparkPlanExec.scala:374)

	at org.apache.spark.sql.execution.adaptive.AdaptiveSparkPlanExec.withFinalPlanUpdate(AdaptiveSparkPlanExec.scala:402)

	at org.apache.spark.sql.execution.adaptive.AdaptiveSparkPlanExec.executeCollect(AdaptiveSparkPlanExec.scala:374)

	at org.apache.spark.sql.execution.QueryExecution$$anonfun$eagerlyExecuteCommands$1.$anonfun$applyOrElse$1(QueryExecution.scala:107)

	at org.apache.spark.sql.execution.SQLExecution$.$anonfun$withNewExecutionId$6(SQLExecution.scala:125)

	at org.apache.spark.sql.execution.SQLExecution$.withSQLConfPropagated(SQLExecution.scala:201)

	at org.apache.spark.sql.execution.SQLExecution$.$anonfun$withNewExecutionId$1(SQLExecution.scala:108)

	at org.apache.spark.sql.SparkSession.withActive(SparkSession.scala:900)

	at org.apache.spark.sql.execution.SQLExecution$.withNewExecutionId(SQLExecution.scala:66)

	at org.apache.spark.sql.execution.QueryExecution$$anonfun$eagerlyExecuteCommands$1.applyOrElse(QueryExecution.scala:107)

	at org.apache.spark.sql.execution.QueryExecution$$anonfun$eagerlyExecuteCommands$1.applyOrElse(QueryExecution.scala:98)

	at org.apache.spark.sql.catalyst.trees.TreeNode.$anonfun$transformDownWithPruning$1(TreeNode.scala:461)

	at org.apache.spark.sql.catalyst.trees.CurrentOrigin$.withOrigin(origin.scala:76)

	at org.apache.spark.sql.catalyst.trees.TreeNode.transformDownWithPruning(TreeNode.scala:461)

	at org.apache.spark.sql.catalyst.plans.logical.LogicalPlan.org$apache$spark$sql$catalyst$plans$logical$AnalysisHelper$$super$transformDownWithPruning(LogicalPlan.scala:32)

	at org.apache.spark.sql.catalyst.plans.logical.AnalysisHelper.transformDownWithPruning(AnalysisHelper.scala:267)

	at org.apache.spark.sql.catalyst.plans.logical.AnalysisHelper.transformDownWithPruning$(AnalysisHelper.scala:263)

	at org.apache.spark.sql.catalyst.plans.logical.LogicalPlan.transformDownWithPruning(LogicalPlan.scala:32)

	at org.apache.spark.sql.catalyst.plans.logical.LogicalPlan.transformDownWithPruning(LogicalPlan.scala:32)

	at org.apache.spark.sql.catalyst.trees.TreeNode.transformDown(TreeNode.scala:437)

	at org.apache.spark.sql.execution.QueryExecution.eagerlyExecuteCommands(QueryExecution.scala:98)

	at org.apache.spark.sql.execution.QueryExecution.commandExecuted$lzycompute(QueryExecution.scala:85)

	at org.apache.spark.sql.execution.QueryExecution.commandExecuted(QueryExecution.scala:83)

	at org.apache.spark.sql.execution.QueryExecution.assertCommandExecuted(QueryExecution.scala:142)

	at org.apache.spark.sql.DataFrameWriter.runCommand(DataFrameWriter.scala:859)

	at org.apache.spark.sql.DataFrameWriter.saveToV1Source(DataFrameWriter.scala:388)

	at org.apache.spark.sql.DataFrameWriter.saveInternal(DataFrameWriter.scala:361)

	at org.apache.spark.sql.DataFrameWriter.save(DataFrameWriter.scala:240)

	at org.apache.spark.sql.DataFrameWriter.parquet(DataFrameWriter.scala:792)

	at java.base/jdk.internal.reflect.NativeMethodAccessorImpl.invoke0(Native Method)

	at java.base/jdk.internal.reflect.NativeMethodAccessorImpl.invoke(NativeMethodAccessorImpl.java:77)

	at java.base/jdk.internal.reflect.DelegatingMethodAccessorImpl.invoke(DelegatingMethodAccessorImpl.java:43)

	at java.base/java.lang.reflect.Method.invoke(Method.java:568)

	at py4j.reflection.MethodInvoker.invoke(MethodInvoker.java:244)

	at py4j.reflection.ReflectionEngine.invoke(ReflectionEngine.java:374)

	at py4j.Gateway.invoke(Gateway.java:282)

	at py4j.commands.AbstractCommand.invokeMethod(AbstractCommand.java:132)

	at py4j.commands.CallCommand.execute(CallCommand.java:79)

	at py4j.ClientServerConnection.waitForCommands(ClientServerConnection.java:182)

	at py4j.ClientServerConnection.run(ClientServerConnection.java:106)

	at java.base/java.lang.Thread.run(Thread.java:842)
=========================== short test summary info ===========================
FAILED tests/unit/test_data_fetcher.py::TestDataFetcher::test_save_raw_data - py4j.protocol.Py4JJavaError: An error occurred while calling o47.parquet.
: java.lang.UnsatisfiedLinkError: 'boolean org.apache.hadoop.io.nativeio.NativeIO$Windows.access0(java.lang.String, int)'

	at org.apache.hadoop.io.nativeio.NativeIO$Windows.access0(Native Method)

	at org.apache.hadoop.io.nativeio.NativeIO$Windows.access(NativeIO.java:793)

	at org.apache.hadoop.fs.FileUtil.canRead(FileUtil.java:1249)

	at org.apache.hadoop.fs.FileUtil.list(FileUtil.java:1454)

	at org.apache.hadoop.fs.RawLocalFileSystem.listStatus(RawLocalFileSystem.java:601)

	at org.apache.hadoop.fs.FileSystem.listStatus(FileSystem.java:1972)

	at org.apache.hadoop.fs.FileSystem.listStatus(FileSystem.java:2014)

	at org.apache.hadoop.fs.ChecksumFileSystem.listStatus(ChecksumFileSystem.java:761)

	at org.apache.hadoop.fs.FileSystem.listStatus(FileSystem.java:1972)

	at org.apache.hadoop.fs.FileSystem.listStatus(FileSystem.java:2014)

	at org.apache.hadoop.mapreduce.lib.output.FileOutputCommitter.getAllCommittedTaskPaths(FileOutputCommitter.java:334)

	at org.apache.hadoop.mapreduce.lib.output.FileOutputCommitter.commitJobInternal(FileOutputCommitter.java:404)

	at org.apache.hadoop.mapreduce.lib.output.FileOutputCommitter.commitJob(FileOutputCommitter.java:377)

	at org.apache.parquet.hadoop.ParquetOutputCommitter.commitJob(ParquetOutputCommitter.java:48)

	at org.apache.spark.internal.io.HadoopMapReduceCommitProtocol.commitJob(HadoopMapReduceCommitProtocol.scala:192)

	at org.apache.spark.sql.execution.datasources.FileFormatWriter$.$anonfun$writeAndCommit$3(FileFormatWriter.scala:275)

	at scala.runtime.java8.JFunction0$mcV$sp.apply(JFunction0$mcV$sp.java:23)

	at org.apache.spark.util.Utils$.timeTakenMs(Utils.scala:552)

	at org.apache.spark.sql.execution.datasources.FileFormatWriter$.writeAndCommit(FileFormatWriter.scala:275)

	at org.apache.spark.sql.execution.datasources.FileFormatWriter$.executeWrite(FileFormatWriter.scala:304)

	at org.apache.spark.sql.execution.datasources.FileFormatWriter$.write(FileFormatWriter.scala:190)

	at org.apache.spark.sql.execution.datasources.InsertIntoHadoopFsRelationCommand.run(InsertIntoHadoopFsRelationCommand.scala:190)

	at org.apache.spark.sql.execution.command.DataWritingCommandExec.sideEffectResult$lzycompute(commands.scala:113)

	at org.apache.spark.sql.execution.command.DataWritingCommandExec.sideEffectResult(commands.scala:111)

	at org.apache.spark.sql.execution.command.DataWritingCommandExec.executeCollect(commands.scala:125)

	at org.apache.spark.sql.execution.QueryExecution$$anonfun$eagerlyExecuteCommands$1.$anonfun$applyOrElse$1(QueryExecution.scala:107)

	at org.apache.spark.sql.execution.SQLExecution$.$anonfun$withNewExecutionId$6(SQLExecution.scala:125)

	at org.apache.spark.sql.execution.SQLExecution$.withSQLConfPropagated(SQLExecution.scala:201)

	at org.apache.spark.sql.execution.SQLExecution$.$anonfun$withNewExecutionId$1(SQLExecution.scala:108)

	at org.apache.spark.sql.SparkSession.withActive(SparkSession.scala:900)

	at org.apache.spark.sql.execution.SQLExecution$.withNewExecutionId(SQLExecution.scala:66)

	at org.apache.spark.sql.execution.QueryExecution$$anonfun$eagerlyExecuteCommands$1.applyOrElse(QueryExecution.scala:107)

	at org.apache.spark.sql.execution.QueryExecution$$anonfun$eagerlyExecuteCommands$1.applyOrElse(QueryExecution.scala:98)

	at org.apache.spark.sql.catalyst.trees.TreeNode.$anonfun$transformDownWithPruning$1(TreeNode.scala:461)

	at org.apache.spark.sql.catalyst.trees.CurrentOrigin$.withOrigin(origin.scala:76)

	at org.apache.spark.sql.catalyst.trees.TreeNode.transformDownWithPruning(TreeNode.scala:461)

	at org.apache.spark.sql.catalyst.plans.logical.LogicalPlan.org$apache$spark$sql$catalyst$plans$logical$AnalysisHelper$$super$transformDownWithPruning(LogicalPlan.scala:32)

	at org.apache.spark.sql.catalyst.plans.logical.AnalysisHelper.transformDownWithPruning(AnalysisHelper.scala:267)

	at org.apache.spark.sql.catalyst.plans.logical.AnalysisHelper.transformDownWithPruning$(AnalysisHelper.scala:263)

	at org.apache.spark.sql.catalyst.plans.logical.LogicalPlan.transformDownWithPruning(LogicalPlan.scala:32)

	at org.apache.spark.sql.catalyst.plans.logical.LogicalPlan.transformDownWithPruning(LogicalPlan.scala:32)

	at org.apache.spark.sql.catalyst.trees.TreeNode.transformDown(TreeNode.scala:437)

	at org.apache.spark.sql.execution.QueryExecution.eagerlyExecuteCommands(QueryExecution.scala:98)

	at org.apache.spark.sql.execution.QueryExecution.commandExecuted$lzycompute(QueryExecution.scala:85)

	at org.apache.spark.sql.execution.QueryExecution.commandExecuted(QueryExecution.scala:83)

	at org.apache.spark.sql.execution.QueryExecution.assertCommandExecuted(QueryExecution.scala:142)

	at org.apache.spark.sql.DataFrameWriter.runCommand(DataFrameWriter.scala:859)

	at org.apache.spark.sql.DataFrameWriter.saveToV1Source(DataFrameWriter.scala:388)

	at org.apache.spark.sql.DataFrameWriter.saveInternal(DataFrameWriter.scala:361)

	at org.apache.spark.sql.DataFrameWriter.save(DataFrameWriter.scala:240)

	at org.apache.spark.sql.DataFrameWriter.parquet(DataFrameWriter.scala:792)

	at java.base/jdk.internal.reflect.NativeMethodAccessorImpl.invoke0(Native Method)

	at java.base/jdk.internal.reflect.NativeMethodAccessorImpl.invoke(NativeMethodAccessorImpl.java:77)

	at java.base/jdk.internal.reflect.DelegatingMethodAccessorImpl.invoke(DelegatingMethodAccessorImpl.java:43)

	at java.base/java.lang.reflect.Method.invoke(Method.java:568)

	at py4j.reflection.MethodInvoker.invoke(MethodInvoker.java:244)

	at py4j.reflection.ReflectionEngine.invoke(ReflectionEngine.java:374)

	at py4j.Gateway.invoke(Gateway.java:282)

	at py4j.commands.AbstractCommand.invokeMethod(AbstractCommand.java:132)

	at py4j.commands.CallCommand.execute(CallCommand.java:79)

	at py4j.ClientServerConnection.waitForCommands(ClientServerConnection.java:182)

	at py4j.ClientServerConnection.run(ClientServerConnection.java:106)

	at java.base/java.lang.Thread.run(Thread.java:842)
FAILED tests/unit/test_kpi_calculator.py::TestKPICalculatorSearch::test_run_search_queries - pyspark.errors.exceptions.captured.AnalysisException: [DATATYPE_MISMATCH.UNEXPECTED_INPUT_TYPE] Cannot resolve "array_contains(cast, Bruce Willis)" due to data type mismatch: Parameter 1 requires the "ARRAY" type, however "cast" has the type "STRING".;
'Filter ((Contains(genres#12, Science Fiction) AND Contains(genres#12, Action)) AND array_contains(cast#33, Bruce Willis))
+- LogicalRDD [id#6, title#7, tagline#8, release_date#9, release_year#10, decade#11, genres#12, belongs_to_collection#13, has_franchise#14, original_language#15, budget_musd#16, budget_category#17, revenue_musd#18, profit_musd#19, roi#20, revenue_per_minute#21, production_companies#22, production_countries#23, vote_count#24, vote_average#25, rating_category#26, popularity#27, runtime#28, overview#29, ... 7 more fields], false
FAILED tests/unit/test_metrics_aggregator.py::TestMetricsAggregatorCorrelation::test_export_all_metrics - AssertionError: assert 'temporal' in {}
============================= 3 failed in 41.19s ==============================
SUCCESS: The process with PID 1872 (child process of PID 27696) has been terminated.
SUCCESS: The process with PID 27696 (child process of PID 26532) has been terminated.
SUCCESS: The process with PID 26532 (child process of PID 31976) has been terminated.
